Archive member included to satisfy reference by file (symbol)

g:/mounriver/mounriver_studio/toolchain/risc-v embedded gcc/bin/../lib/gcc/riscv-none-embed/8.2.0/../../../../riscv-none-embed/lib/rv32imafc/ilp32f\libm.a(lib_a-s_cos.o)
                              ./zf_device/zf_device_gnss.o (cos)
g:/mounriver/mounriver_studio/toolchain/risc-v embedded gcc/bin/../lib/gcc/riscv-none-embed/8.2.0/../../../../riscv-none-embed/lib/rv32imafc/ilp32f\libm.a(lib_a-s_sin.o)
                              ./zf_device/zf_device_gnss.o (sin)
g:/mounriver/mounriver_studio/toolchain/risc-v embedded gcc/bin/../lib/gcc/riscv-none-embed/8.2.0/../../../../riscv-none-embed/lib/rv32imafc/ilp32f\libm.a(lib_a-w_asin.o)
                              ./zf_device/zf_device_gnss.o (asin)
g:/mounriver/mounriver_studio/toolchain/risc-v embedded gcc/bin/../lib/gcc/riscv-none-embed/8.2.0/../../../../riscv-none-embed/lib/rv32imafc/ilp32f\libm.a(lib_a-w_atan2.o)
                              ./zf_device/zf_device_gnss.o (atan2)
g:/mounriver/mounriver_studio/toolchain/risc-v embedded gcc/bin/../lib/gcc/riscv-none-embed/8.2.0/../../../../riscv-none-embed/lib/rv32imafc/ilp32f\libm.a(lib_a-w_pow.o)
                              ./zf_device/zf_device_gnss.o (pow)
g:/mounriver/mounriver_studio/toolchain/risc-v embedded gcc/bin/../lib/gcc/riscv-none-embed/8.2.0/../../../../riscv-none-embed/lib/rv32imafc/ilp32f\libm.a(lib_a-w_sqrt.o)
                              ./zf_device/zf_device_gnss.o (sqrt)
g:/mounriver/mounriver_studio/toolchain/risc-v embedded gcc/bin/../lib/gcc/riscv-none-embed/8.2.0/../../../../riscv-none-embed/lib/rv32imafc/ilp32f\libm.a(lib_a-e_asin.o)
                              g:/mounriver/mounriver_studio/toolchain/risc-v embedded gcc/bin/../lib/gcc/riscv-none-embed/8.2.0/../../../../riscv-none-embed/lib/rv32imafc/ilp32f\libm.a(lib_a-w_asin.o) (__ieee754_asin)
g:/mounriver/mounriver_studio/toolchain/risc-v embedded gcc/bin/../lib/gcc/riscv-none-embed/8.2.0/../../../../riscv-none-embed/lib/rv32imafc/ilp32f\libm.a(lib_a-e_atan2.o)
                              g:/mounriver/mounriver_studio/toolchain/risc-v embedded gcc/bin/../lib/gcc/riscv-none-embed/8.2.0/../../../../riscv-none-embed/lib/rv32imafc/ilp32f\libm.a(lib_a-w_atan2.o) (__ieee754_atan2)
g:/mounriver/mounriver_studio/toolchain/risc-v embedded gcc/bin/../lib/gcc/riscv-none-embed/8.2.0/../../../../riscv-none-embed/lib/rv32imafc/ilp32f\libm.a(lib_a-e_pow.o)
                              g:/mounriver/mounriver_studio/toolchain/risc-v embedded gcc/bin/../lib/gcc/riscv-none-embed/8.2.0/../../../../riscv-none-embed/lib/rv32imafc/ilp32f\libm.a(lib_a-w_pow.o) (__ieee754_pow)
g:/mounriver/mounriver_studio/toolchain/risc-v embedded gcc/bin/../lib/gcc/riscv-none-embed/8.2.0/../../../../riscv-none-embed/lib/rv32imafc/ilp32f\libm.a(lib_a-e_rem_pio2.o)
                              g:/mounriver/mounriver_studio/toolchain/risc-v embedded gcc/bin/../lib/gcc/riscv-none-embed/8.2.0/../../../../riscv-none-embed/lib/rv32imafc/ilp32f\libm.a(lib_a-s_cos.o) (__ieee754_rem_pio2)
g:/mounriver/mounriver_studio/toolchain/risc-v embedded gcc/bin/../lib/gcc/riscv-none-embed/8.2.0/../../../../riscv-none-embed/lib/rv32imafc/ilp32f\libm.a(lib_a-e_sqrt.o)
                              g:/mounriver/mounriver_studio/toolchain/risc-v embedded gcc/bin/../lib/gcc/riscv-none-embed/8.2.0/../../../../riscv-none-embed/lib/rv32imafc/ilp32f\libm.a(lib_a-w_sqrt.o) (__ieee754_sqrt)
g:/mounriver/mounriver_studio/toolchain/risc-v embedded gcc/bin/../lib/gcc/riscv-none-embed/8.2.0/../../../../riscv-none-embed/lib/rv32imafc/ilp32f\libm.a(lib_a-k_cos.o)
                              g:/mounriver/mounriver_studio/toolchain/risc-v embedded gcc/bin/../lib/gcc/riscv-none-embed/8.2.0/../../../../riscv-none-embed/lib/rv32imafc/ilp32f\libm.a(lib_a-s_cos.o) (__kernel_cos)
g:/mounriver/mounriver_studio/toolchain/risc-v embedded gcc/bin/../lib/gcc/riscv-none-embed/8.2.0/../../../../riscv-none-embed/lib/rv32imafc/ilp32f\libm.a(lib_a-k_rem_pio2.o)
                              g:/mounriver/mounriver_studio/toolchain/risc-v embedded gcc/bin/../lib/gcc/riscv-none-embed/8.2.0/../../../../riscv-none-embed/lib/rv32imafc/ilp32f\libm.a(lib_a-e_rem_pio2.o) (__kernel_rem_pio2)
g:/mounriver/mounriver_studio/toolchain/risc-v embedded gcc/bin/../lib/gcc/riscv-none-embed/8.2.0/../../../../riscv-none-embed/lib/rv32imafc/ilp32f\libm.a(lib_a-k_sin.o)
                              g:/mounriver/mounriver_studio/toolchain/risc-v embedded gcc/bin/../lib/gcc/riscv-none-embed/8.2.0/../../../../riscv-none-embed/lib/rv32imafc/ilp32f\libm.a(lib_a-s_cos.o) (__kernel_sin)
g:/mounriver/mounriver_studio/toolchain/risc-v embedded gcc/bin/../lib/gcc/riscv-none-embed/8.2.0/../../../../riscv-none-embed/lib/rv32imafc/ilp32f\libm.a(lib_a-s_atan.o)
                              g:/mounriver/mounriver_studio/toolchain/risc-v embedded gcc/bin/../lib/gcc/riscv-none-embed/8.2.0/../../../../riscv-none-embed/lib/rv32imafc/ilp32f\libm.a(lib_a-e_atan2.o) (atan)
[...]
Memory Configuration

Name             Origin             Length             Attributes
RAM              0x0000000020000040 0x000000000000fc00 xrw
FLASH            0x0000000000000000 0x0000000000040000 xr
*default*        0x0000000000000000 0xffffffffffffffff

Linker script and memory map

LOAD ./zf_driver/zf_driver_adc.o
LOAD ./zf_driver/zf_driver_delay.o
LOAD ./zf_driver/zf_driver_dvp.o
LOAD ./zf_driver/zf_driver_encoder.o
LOAD ./zf_driver/zf_driver_exti.o
LOAD ./zf_driver/zf_driver_flash.o
LOAD ./zf_driver/zf_driver_gpio.o
LOAD ./zf_driver/zf_driver_iic.o
LOAD ./zf_driver/zf_driver_pit.o
LOAD ./zf_driver/zf_driver_pwm.o
LOAD ./zf_driver/zf_driver_soft_iic.o
LOAD ./zf_driver/zf_driver_soft_spi.o
LOAD ./zf_driver/zf_driver_spi.o
LOAD ./zf_driver/zf_driver_timer.o
LOAD ./zf_driver/zf_driver_uart.o
LOAD ./zf_driver/zf_driver_usb_cdc.o
LOAD ./zf_device/zf_device_absolute_encoder.o
LOAD ./zf_device/zf_device_aht20.o
LOAD ./zf_device/zf_device_ble6a20.o
LOAD ./zf_device/zf_device_bluetooth_ch9141.o
LOAD ./zf_device/zf_device_camera.o
LOAD ./zf_device/zf_device_dl1a.o
LOAD ./zf_device/zf_device_dl1b.o
LOAD ./zf_device/zf_device_dm1xa.o
LOAD ./zf_device/zf_device_gnss.o
LOAD ./zf_device/zf_device_icm20602.o
LOAD ./zf_device/zf_device_imu660ra.o
LOAD ./zf_device/zf_device_imu963ra.o
LOAD ./zf_device/zf_device_ips114.o
LOAD ./zf_device/zf_device_ips200.o
LOAD ./zf_device/zf_device_k24c02.o
LOAD ./zf_device/zf_device_key.o
LOAD ./zf_device/zf_device_mpu6050.o
LOAD ./zf_device/zf_device_mt9v03x_dvp.o
LOAD ./zf_device/zf_device_oled.o
LOAD ./zf_device/zf_device_scc8660_dvp.o
LOAD ./zf_device/zf_device_tft180.o
LOAD ./zf_device/zf_device_type.o
LOAD ./zf_device/zf_device_virtual_oscilloscope.o
LOAD ./zf_device/zf_device_w25q32.o
LOAD ./zf_device/zf_device_wifi_spi.o
LOAD ./zf_device/zf_device_wifi_uart.o
LOAD ./zf_device/zf_device_wireless_ch573.o
LOAD ./zf_device/zf_device_wireless_uart.o
LOAD ./zf_components/seekfree_assistant.o
LOAD ./zf_components/seekfree_assistant_interface.o
LOAD ./zf_common/zf_common_clock.o
LOAD ./zf_common/zf_common_debug.o
LOAD ./zf_common/zf_common_fifo.o
LOAD ./zf_common/zf_common_font.o
LOAD ./zf_common/zf_common_function.o
LOAD ./zf_common/zf_common_interrupt.o
LOAD ./user_c/isr.o
LOAD ./user_c/main.o
LOAD ./sdk/Startup/startup_ch32v30x_D8C.o
LOAD ./sdk/Peripheral/ch32v30x_adc.o
LOAD ./sdk/Peripheral/ch32v30x_bkp.o
LOAD ./sdk/Peripheral/ch32v30x_can.o
LOAD ./sdk/Peripheral/ch32v30x_crc.o
LOAD ./sdk/Peripheral/ch32v30x_dac.o
LOAD ./sdk/Peripheral/ch32v30x_dbgmcu.o
LOAD ./sdk/Peripheral/ch32v30x_dma.o
LOAD ./sdk/Peripheral/ch32v30x_dvp.o
LOAD ./sdk/Peripheral/ch32v30x_eth.o
LOAD ./sdk/Peripheral/ch32v30x_exti.o
LOAD ./sdk/Peripheral/ch32v30x_flash.o
LOAD ./sdk/Peripheral/ch32v30x_fsmc.o
LOAD ./sdk/Peripheral/ch32v30x_gpio.o
LOAD ./sdk/Peripheral/ch32v30x_i2c.o
LOAD ./sdk/Peripheral/ch32v30x_iwdg.o
LOAD ./sdk/Peripheral/ch32v30x_opa.o
LOAD ./sdk/Peripheral/ch32v30x_pwr.o
LOAD ./sdk/Peripheral/ch32v30x_rcc.o
LOAD ./sdk/Peripheral/ch32v30x_rng.o
LOAD ./sdk/Peripheral/ch32v30x_rtc.o
LOAD ./sdk/Peripheral/ch32v30x_sdio.o
LOAD ./sdk/Peripheral/ch32v30x_spi.o
LOAD ./sdk/Peripheral/ch32v30x_tim.o
LOAD ./sdk/Peripheral/ch32v30x_usart.o
LOAD ./sdk/Peripheral/ch32v30x_usbotg_device.o
LOAD ./sdk/Peripheral/ch32v30x_wwdg.o
LOAD ./sdk/Core/core_riscv.o
LOAD ./code/duoji.o
LOAD ./code/fast_compute.o
LOAD ./code/motor.o
LOAD ./code/pid.o
LOAD g:/mounriver/mounriver_studio/toolchain/risc-v embedded gcc/bin/../lib/gcc/riscv-none-embed/8.2.0/../../../../riscv-none-embed/lib/rv32imafc/ilp32f\libm.a
LOAD H:\MounRiverProj\Seekfree_CH32V307VCT6_Opensource_Library\libraries\zf_device\libzf_device_config.a
LOAD g:/mounriver/mounriver_studio/toolchain/risc-v embedded gcc/bin/../lib/gcc/riscv-none-embed/8.2.0/rv32imafc/ilp32f\libgcc.a
LOAD g:/mounriver/mounriver_studio/toolchain/risc-v embedded gcc/bin/../lib/gcc/riscv-none-embed/8.2.0/../../../../riscv-none-embed/lib/rv32imafc/ilp32f\libg_nano.a
LOAD g:/mounriver/mounriver_studio/toolchain/risc-v embedded gcc/bin/../lib/gcc/riscv-none-embed/8.2.0/../../../../riscv-none-embed/lib/rv32imafc/ilp32f\libc_nano.a
LOAD g:/mounriver/mounriver_studio/toolchain/risc-v embedded gcc/bin/../lib/gcc/riscv-none-embed/8.2.0/rv32imafc/ilp32f\libgcc.a
START GROUP
LOAD g:/mounriver/mounriver_studio/toolchain/risc-v embedded gcc/bin/../lib/gcc/riscv-none-embed/8.2.0/rv32imafc/ilp32f\libgcc.a
LOAD g:/mounriver/mounriver_studio/toolchain/risc-v embedded gcc/bin/../lib/gcc/riscv-none-embed/8.2.0/../../../../riscv-none-embed/lib/rv32imafc/ilp32f\libc_nano.a
LOAD g:/mounriver/mounriver_studio/toolchain/risc-v embedded gcc/bin/../lib/gcc/riscv-none-embed/8.2.0/../../../../riscv-none-embed/lib/rv32imafc/ilp32f\libnosys.a
END GROUP
START GROUP
LOAD g:/mounriver/mounriver_studio/toolchain/risc-v embedded gcc/bin/../lib/gcc/riscv-none-embed/8.2.0/rv32imafc/ilp32f\libgcc.a
LOAD g:/mounriver/mounriver_studio/toolchain/risc-v embedded gcc/bin/../lib/gcc/riscv-none-embed/8.2.0/../../../../riscv-none-embed/lib/rv32imafc/ilp32f\libc_nano.a
LOAD g:/mounriver/mounriver_studio/toolchain/risc-v embedded gcc/bin/../lib/gcc/riscv-none-embed/8.2.0/../../../../riscv-none-embed/lib/rv32imafc/ilp32f\libnosys.a
END GROUP
                0x0000000000000800                __stack_size = 0x800
                [!provide]                        PROVIDE (_stack_size = __stack_size)

.init           0x0000000000000000       0x38
                0x0000000000000000                _sinit = .
                0x0000000000000000                . = ALIGN (0x4)
 *(SORT_NONE(.init))
 .init          0x0000000000000000       0x38 ./sdk/Startup/startup_ch32v30x_D8C.o
                0x0000000000000000                _start
                0x0000000000000038                . = ALIGN (0x4)
                0x0000000000000038                _einit = .

.vector         0x0000000000000038      0x1c8
 *(.vector)
 .vector        0x0000000000000038      0x1a0 ./sdk/Startup/startup_ch32v30x_D8C.o
                0x0000000000000200                . = ALIGN (0x40)
 *fill*         0x00000000000001d8       0x28 

.text           0x0000000000000200    0x10424
                0x0000000000000200                . = ALIGN (0x4)
 *(.text)
 .text          0x0000000000000200       0xa8 g:/mounriver/mounriver_studio/toolchain/risc-v embedded gcc/bin/../lib/gcc/riscv-none-embed/8.2.0/../../../../riscv-none-embed/lib/rv32imafc/ilp32f\libg_nano.a(lib_a-memset.o)
                0x0000000000000200                memset
 *(.text.*)
 .text.system_delay_ms
                0x00000000000002a8       0xa2 ./zf_driver/zf_driver_delay.o
                0x00000000000002a8                system_delay_ms
 .text.encoder_get_count
                0x000000000000034a      0x14e ./zf_driver/zf_driver_encoder.o
                0x000000000000034a                encoder_get_count
 .text.encoder_clear_count
                0x0000000000000498       0x9a ./zf_driver/zf_driver_encoder.o
                0x0000000000000498                encoder_clear_count
 .text.encoder_quad_init
                0x0000000000000532      0x2d6 ./zf_driver/zf_driver_encoder.o
                0x0000000000000532                encoder_quad_init
 .text.gpio_get_level
                0x0000000000000808       0x42 ./zf_driver/zf_driver_gpio.o
                0x0000000000000808                gpio_get_level
 .text.gpio_init
                0x000000000000084a      0x15c ./zf_driver/zf_driver_gpio.o
                0x000000000000084a                gpio_init
 .text.pwm_set_duty
                0x00000000000009a6      0x166 ./zf_driver/zf_driver_pwm.o
                0x00000000000009a6                pwm_set_duty
 .text.pwm_init
                0x0000000000000b0c      0x416 ./zf_driver/zf_driver_pwm.o
                0x0000000000000b0c                pwm_init
 .text.spi_write_8bit
                0x0000000000000f22       0x56 ./zf_driver/zf_driver_spi.o
                0x0000000000000f22                spi_write_8bit
 .text.spi_write_16bit
                0x0000000000000f78       0xa4 ./zf_driver/zf_driver_spi.o
                0x0000000000000f78                spi_write_16bit
 .text.spi_init
                0x000000000000101c      0x2d4 ./zf_driver/zf_driver_spi.o
                0x000000000000101c                spi_init
 .text.timer_funciton_check
                0x00000000000012f0       0x66 ./zf_driver/zf_driver_timer.o
                0x00000000000012f0                timer_funciton_check
 .text.timer_clock_enable
                0x0000000000001356       0xe2 ./zf_driver/zf_driver_timer.o
                0x0000000000001356                timer_clock_enable
 .text.timer_get
                0x0000000000001438       0xfe ./zf_driver/zf_driver_timer.o
                0x0000000000001438                timer_get
 .text.timer_clear
                0x0000000000001536       0xc4 ./zf_driver/zf_driver_timer.o
                0x0000000000001536                timer_clear
 .text.uart_write_byte
                0x00000000000015fa       0x56 ./zf_driver/zf_driver_uart.o
                0x00000000000015fa                uart_write_byte
 .text.uart_write_string
                0x0000000000001650       0x60 ./zf_driver/zf_driver_uart.o
                0x0000000000001650                uart_write_string
 .text.uart_rx_interrupt
                0x00000000000016b0       0x84 ./zf_driver/zf_driver_uart.o
                0x00000000000016b0                uart_rx_interrupt
 .text.uart_query_byte
                0x0000000000001734       0x5e ./zf_driver/zf_driver_uart.o
                0x0000000000001734                uart_query_byte
 .text.uart_init
                0x0000000000001792      0x5aa ./zf_driver/zf_driver_uart.o
                0x0000000000001792                uart_init
 .text.dm1xa_sound_callback
                0x0000000000001d3c       0xf6 ./zf_device/zf_device_dm1xa.o
                0x0000000000001d3c                dm1xa_sound_callback
 .text.dm1xa_light_callback
                0x0000000000001e32       0x32 ./zf_device/zf_device_dm1xa.o
                0x0000000000001e32                dm1xa_light_callback
 .text.gnss_uart_callback
                0x0000000000001e64      0x15c ./zf_device/zf_device_gnss.o
                0x0000000000001e64                gnss_uart_callback
 .text.tft180_write_index
                0x0000000000001fc0       0x44 ./zf_device/zf_device_tft180.o
 .text.tft180_set_region
                0x0000000000002004      0x1e8 ./zf_device/zf_device_tft180.o
 .text.tft180_debug_init
                0x00000000000021ec       0x86 ./zf_device/zf_device_tft180.o
 .text.tft180_clear
                0x0000000000002272       0x8a ./zf_device/zf_device_tft180.o
                0x0000000000002272                tft180_clear
 .text.tft180_set_dir
                0x00000000000022fc       0x50 ./zf_device/zf_device_tft180.o
                0x00000000000022fc                tft180_set_dir
 .text.tft180_set_font
                0x000000000000234c       0x1a ./zf_device/zf_device_tft180.o
                0x000000000000234c                tft180_set_font
 .text.tft180_set_color
                0x0000000000002366       0x34 ./zf_device/zf_device_tft180.o
                0x0000000000002366                tft180_set_color
 .text.tft180_show_char
                0x000000000000239a      0x2ba ./zf_device/zf_device_tft180.o
                0x000000000000239a                tft180_show_char
 .text.tft180_show_string
                0x0000000000002654      0x10c ./zf_device/zf_device_tft180.o
                0x0000000000002654                tft180_show_string
 .text.tft180_show_int
                0x0000000000002760      0x144 ./zf_device/zf_device_tft180.o
                0x0000000000002760                tft180_show_int
 .text.tft180_init
                0x00000000000028a4      0x426 ./zf_device/zf_device_tft180.o
                0x00000000000028a4                tft180_init
 .text.type_default_callback
                0x0000000000002cca        0xe ./zf_device/zf_device_type.o
 .text.clock_reset
                0x0000000000002cd8       0x76 ./zf_common/zf_common_clock.o
                0x0000000000002cd8                clock_reset
 .text.clock_set_freq
                0x0000000000002d4e      0x1de ./zf_common/zf_common_clock.o
                0x0000000000002d4e                clock_set_freq
 .text.clock_init
                0x0000000000002f2c       0x2e ./zf_common/zf_common_clock.o
                0x0000000000002f2c                clock_init
 .text.__NOP    0x0000000000002f5a       0x10 ./zf_common/zf_common_debug.o
 .text.debug_delay
                0x0000000000002f6a       0x52 ./zf_common/zf_common_debug.o
 .text.debug_protective_handler
                0x0000000000002fbc        0xe ./zf_common/zf_common_debug.o
 .text.debug_uart_str_output
                0x0000000000002fca       0x20 ./zf_common/zf_common_debug.o
 .text.debug_output
                0x0000000000002fea      0x52c ./zf_common/zf_common_debug.o
 .text.debug_interrupr_handler
                0x0000000000003516       0x34 ./zf_common/zf_common_debug.o
                0x0000000000003516                debug_interrupr_handler
 .text._write   0x000000000000354a       0x7c ./zf_common/zf_common_debug.o
                0x000000000000354a                _write
 .text.debug_assert_handler
                0x00000000000035c6       0x68 ./zf_common/zf_common_debug.o
                0x00000000000035c6                debug_assert_handler
 .text.debug_output_struct_init
                0x000000000000362e       0x5a ./zf_common/zf_common_debug.o
                0x000000000000362e                debug_output_struct_init
 .text.debug_output_init
                0x0000000000003688       0x88 ./zf_common/zf_common_debug.o
                0x0000000000003688                debug_output_init
 .text.debug_init
                0x0000000000003710       0x62 ./zf_common/zf_common_debug.o
                0x0000000000003710                debug_init
 .text.fifo_head_offset
                0x0000000000003772      0x184 ./zf_common/zf_common_fifo.o
 .text.fifo_end_offset
                0x00000000000038f6      0x184 ./zf_common/zf_common_fifo.o
 .text.fifo_clear
                0x0000000000003a7a      0x24a ./zf_common/zf_common_fifo.o
                0x0000000000003a7a                fifo_clear
 .text.fifo_used
                0x0000000000003cc4       0x7a ./zf_common/zf_common_fifo.o
                0x0000000000003cc4                fifo_used
 .text.fifo_write_buffer
                0x0000000000003d3e      0x5ea ./zf_common/zf_common_fifo.o
                0x0000000000003d3e                fifo_write_buffer
 .text.fifo_read_buffer
                0x0000000000004328      0x5a4 ./zf_common/zf_common_fifo.o
                0x0000000000004328                fifo_read_buffer
 .text.fifo_init
                0x00000000000048cc      0x248 ./zf_common/zf_common_fifo.o
                0x00000000000048cc                fifo_init
 .text.func_int_to_str
                0x0000000000004b14      0x116 ./zf_common/zf_common_function.o
                0x0000000000004b14                func_int_to_str
 .text.__enable_irq
                0x0000000000004c2a       0x18 ./zf_common/zf_common_interrupt.o
 .text.__disable_irq
                0x0000000000004c42       0x14 ./zf_common/zf_common_interrupt.o
 .text.NVIC_EnableIRQ
                0x0000000000004c56       0x32 ./zf_common/zf_common_interrupt.o
 .text.NVIC_DisableIRQ
                0x0000000000004c88       0x32 ./zf_common/zf_common_interrupt.o
 .text.NVIC_SetPriority
                0x0000000000004cba       0x2a ./zf_common/zf_common_interrupt.o
 .text.interrupt_enable
                0x0000000000004ce4       0x1e ./zf_common/zf_common_interrupt.o
                0x0000000000004ce4                interrupt_enable
 .text.interrupt_disable
                0x0000000000004d02       0x1e ./zf_common/zf_common_interrupt.o
                0x0000000000004d02                interrupt_disable
 .text.interrupt_set_priority
                0x0000000000004d20       0x2a ./zf_common/zf_common_interrupt.o
                0x0000000000004d20                interrupt_set_priority
 .text.interrupt_global_enable
                0x0000000000004d4a       0x32 ./zf_common/zf_common_interrupt.o
                0x0000000000004d4a                interrupt_global_enable
 .text.interrupt_global_disable
                0x0000000000004d7c       0x2c ./zf_common/zf_common_interrupt.o
                0x0000000000004d7c                interrupt_global_disable
 .text.interrupt_init
                0x0000000000004da8       0x18 ./zf_common/zf_common_interrupt.o
                0x0000000000004da8                interrupt_init
 .text.USART1_IRQHandler
                0x0000000000004dc0       0xc4 ./user_c/isr.o
                0x0000000000004dc0                USART1_IRQHandler
 .text.USART2_IRQHandler
                0x0000000000004e84       0xc4 ./user_c/isr.o
                0x0000000000004e84                USART2_IRQHandler
 .text.USART3_IRQHandler
                0x0000000000004f48       0xc8 ./user_c/isr.o
                0x0000000000004f48                USART3_IRQHandler
 .text.UART4_IRQHandler
                0x0000000000005010       0xc4 ./user_c/isr.o
                0x0000000000005010                UART4_IRQHandler
 .text.UART5_IRQHandler
                0x00000000000050d4       0xc2 ./user_c/isr.o
                0x00000000000050d4                UART5_IRQHandler
 .text.UART6_IRQHandler
                0x0000000000005196       0xc4 ./user_c/isr.o
                0x0000000000005196                UART6_IRQHandler
 .text.UART7_IRQHandler
                0x000000000000525a       0xca ./user_c/isr.o
                0x000000000000525a                UART7_IRQHandler
 .text.UART8_IRQHandler
                0x0000000000005324       0xc0 ./user_c/isr.o
                0x0000000000005324                UART8_IRQHandler
 .text.DVP_IRQHandler
                0x00000000000053e4       0xd0 ./user_c/isr.o
                0x00000000000053e4                DVP_IRQHandler
 .text.EXTI0_IRQHandler
                0x00000000000054b4       0xb4 ./user_c/isr.o
                0x00000000000054b4                EXTI0_IRQHandler
 .text.EXTI1_IRQHandler
                0x0000000000005568       0xb4 ./user_c/isr.o
                0x0000000000005568                EXTI1_IRQHandler
 .text.EXTI2_IRQHandler
                0x000000000000561c       0xb4 ./user_c/isr.o
                0x000000000000561c                EXTI2_IRQHandler
 .text.EXTI3_IRQHandler
                0x00000000000056d0       0xb4 ./user_c/isr.o
                0x00000000000056d0                EXTI3_IRQHandler
 .text.EXTI4_IRQHandler
                0x0000000000005784       0xb4 ./user_c/isr.o
                0x0000000000005784                EXTI4_IRQHandler
 .text.EXTI9_5_IRQHandler
                0x0000000000005838      0x118 ./user_c/isr.o
                0x0000000000005838                EXTI9_5_IRQHandler
 .text.EXTI15_10_IRQHandler
                0x0000000000005950      0x132 ./user_c/isr.o
                0x0000000000005950                EXTI15_10_IRQHandler
 .text.TIM1_UP_IRQHandler
                0x0000000000005a82       0xc0 ./user_c/isr.o
                0x0000000000005a82                TIM1_UP_IRQHandler
 .text.TIM2_IRQHandler
                0x0000000000005b42       0xb8 ./user_c/isr.o
                0x0000000000005b42                TIM2_IRQHandler
 .text.TIM3_IRQHandler
                0x0000000000005bfa       0xc0 ./user_c/isr.o
                0x0000000000005bfa                TIM3_IRQHandler
 .text.TIM4_IRQHandler
                0x0000000000005cba       0xc0 ./user_c/isr.o
                0x0000000000005cba                TIM4_IRQHandler
 .text.TIM5_IRQHandler
                0x0000000000005d7a       0xc0 ./user_c/isr.o
                0x0000000000005d7a                TIM5_IRQHandler
 .text.TIM6_IRQHandler
                0x0000000000005e3a       0xb8 ./user_c/isr.o
                0x0000000000005e3a                TIM6_IRQHandler
 .text.TIM7_IRQHandler
                0x0000000000005ef2       0xc0 ./user_c/isr.o
                0x0000000000005ef2                TIM7_IRQHandler
 .text.TIM8_UP_IRQHandler
                0x0000000000005fb2       0xc0 ./user_c/isr.o
                0x0000000000005fb2                TIM8_UP_IRQHandler
 .text.TIM9_UP_IRQHandler
                0x0000000000006072       0xc0 ./user_c/isr.o
                0x0000000000006072                TIM9_UP_IRQHandler
 .text.TIM10_UP_IRQHandler
                0x0000000000006132       0xb8 ./user_c/isr.o
                0x0000000000006132                TIM10_UP_IRQHandler
 .text.NMI_Handler
                0x00000000000061ea       0x10 ./user_c/isr.o
                0x00000000000061ea                NMI_Handler
 .text.HardFault_Handler
                0x00000000000061fa        0x8 ./user_c/isr.o
                0x00000000000061fa                HardFault_Handler
 .text.main     0x0000000000006202       0x7c ./user_c/main.o
                0x0000000000006202                main
 .text.vector_handler
                0x000000000000627e       0xbe ./sdk/Startup/startup_ch32v30x_D8C.o
                0x0000000000006282                Ecall_M_Mode_Handler
                0x0000000000006284                Ecall_U_Mode_Handler
                0x0000000000006286                Break_Point_Handler
                0x0000000000006288                SysTick_Handler
                0x000000000000628a                SW_Handler
                0x000000000000628c                WWDG_IRQHandler
                0x000000000000628e                PVD_IRQHandler
                0x0000000000006290                TAMPER_IRQHandler
                0x0000000000006292                RTC_IRQHandler
                0x0000000000006294                FLASH_IRQHandler
                0x0000000000006296                RCC_IRQHandler
                0x00000000000062a2                DMA1_Channel1_IRQHandler
                0x00000000000062a4                DMA1_Channel2_IRQHandler
                0x00000000000062a6                DMA1_Channel3_IRQHandler
                0x00000000000062a8                DMA1_Channel4_IRQHandler
                0x00000000000062aa                DMA1_Channel5_IRQHandler
                0x00000000000062ac                DMA1_Channel6_IRQHandler
                0x00000000000062ae                DMA1_Channel7_IRQHandler
                0x00000000000062b0                ADC1_2_IRQHandler
                0x00000000000062b2                USB_HP_CAN1_TX_IRQHandler
                0x00000000000062b4                USB_LP_CAN1_RX0_IRQHandler
                0x00000000000062b6                CAN1_RX1_IRQHandler
                0x00000000000062b8                CAN1_SCE_IRQHandler
                0x00000000000062bc                TIM1_BRK_IRQHandler
                0x00000000000062c0                TIM1_TRG_COM_IRQHandler
                0x00000000000062c2                TIM1_CC_IRQHandler
                0x00000000000062ca                I2C1_EV_IRQHandler
                0x00000000000062cc                I2C1_ER_IRQHandler
                0x00000000000062ce                I2C2_EV_IRQHandler
                0x00000000000062d0                I2C2_ER_IRQHandler
                0x00000000000062d2                SPI1_IRQHandler
                0x00000000000062d4                SPI2_IRQHandler
                0x00000000000062de                RTCAlarm_IRQHandler
                0x00000000000062e0                USBWakeUp_IRQHandler
                0x00000000000062e2                TIM8_BRK_IRQHandler
                0x00000000000062e6                TIM8_TRG_COM_IRQHandler
                0x00000000000062e8                TIM8_CC_IRQHandler
                0x00000000000062ea                RNG_IRQHandler
                0x00000000000062ec                FSMC_IRQHandler
                0x00000000000062ee                SDIO_IRQHandler
                0x00000000000062f2                SPI3_IRQHandler
                0x00000000000062fc                DMA2_Channel1_IRQHandler
                0x00000000000062fe                DMA2_Channel2_IRQHandler
                0x0000000000006300                DMA2_Channel3_IRQHandler
                0x0000000000006302                DMA2_Channel4_IRQHandler
                0x0000000000006304                DMA2_Channel5_IRQHandler
                0x0000000000006306                ETH_IRQHandler
                0x0000000000006308                ETH_WKUP_IRQHandler
                0x000000000000630a                CAN2_TX_IRQHandler
                0x000000000000630c                CAN2_RX0_IRQHandler
                0x000000000000630e                CAN2_RX1_IRQHandler
                0x0000000000006310                CAN2_SCE_IRQHandler
                0x0000000000006314                USBHSWakeup_IRQHandler
                0x0000000000006316                USBHS_IRQHandler
                0x0000000000006320                TIM9_BRK_IRQHandler
                0x0000000000006324                TIM9_TRG_COM_IRQHandler
                0x0000000000006326                TIM9_CC_IRQHandler
                0x0000000000006328                TIM10_BRK_IRQHandler
                0x000000000000632c                TIM10_TRG_COM_IRQHandler
                0x000000000000632e                TIM10_CC_IRQHandler
                0x0000000000006330                DMA2_Channel6_IRQHandler
                0x0000000000006332                DMA2_Channel7_IRQHandler
                0x0000000000006334                DMA2_Channel8_IRQHandler
                0x0000000000006336                DMA2_Channel9_IRQHandler
                0x0000000000006338                DMA2_Channel10_IRQHandler
                0x000000000000633a                DMA2_Channel11_IRQHandler
 .text.handle_reset
                0x000000000000633c       0x86 ./sdk/Startup/startup_ch32v30x_D8C.o
                0x000000000000633c                handle_reset
 .text.EXTI_GetITStatus
                0x00000000000063c2       0x56 ./sdk/Peripheral/ch32v30x_exti.o
                0x00000000000063c2                EXTI_GetITStatus
 .text.EXTI_ClearITPendingBit
                0x0000000000006418       0x20 ./sdk/Peripheral/ch32v30x_exti.o
                0x0000000000006418                EXTI_ClearITPendingBit
 .text.GPIO_Init
                0x0000000000006438      0x22a ./sdk/Peripheral/ch32v30x_gpio.o
                0x0000000000006438                GPIO_Init
 .text.GPIO_WriteBit
                0x0000000000006662       0x38 ./sdk/Peripheral/ch32v30x_gpio.o
                0x0000000000006662                GPIO_WriteBit
 .text.GPIO_PinRemapConfig
                0x000000000000669a      0x1c8 ./sdk/Peripheral/ch32v30x_gpio.o
                0x000000000000669a                GPIO_PinRemapConfig
 .text.RCC_GetClocksFreq
                0x0000000000006862      0x2c6 ./sdk/Peripheral/ch32v30x_rcc.o
                0x0000000000006862                RCC_GetClocksFreq
 .text.RCC_APB2PeriphClockCmd
                0x0000000000006b28       0x46 ./sdk/Peripheral/ch32v30x_rcc.o
                0x0000000000006b28                RCC_APB2PeriphClockCmd
 .text.RCC_APB1PeriphClockCmd
                0x0000000000006b6e       0x46 ./sdk/Peripheral/ch32v30x_rcc.o
                0x0000000000006b6e                RCC_APB1PeriphClockCmd
 .text.RCC_APB2PeriphResetCmd
                0x0000000000006bb4       0x46 ./sdk/Peripheral/ch32v30x_rcc.o
                0x0000000000006bb4                RCC_APB2PeriphResetCmd
 .text.RCC_APB1PeriphResetCmd
                0x0000000000006bfa       0x46 ./sdk/Peripheral/ch32v30x_rcc.o
                0x0000000000006bfa                RCC_APB1PeriphResetCmd
 .text.SPI_I2S_DeInit
                0x0000000000006c40       0x76 ./sdk/Peripheral/ch32v30x_spi.o
                0x0000000000006c40                SPI_I2S_DeInit
 .text.SPI_Init
                0x0000000000006cb6       0xf8 ./sdk/Peripheral/ch32v30x_spi.o
                0x0000000000006cb6                SPI_Init
 .text.SPI_Cmd  0x0000000000006dae       0x5a ./sdk/Peripheral/ch32v30x_spi.o
                0x0000000000006dae                SPI_Cmd
 .text.TIM_TimeBaseInit
                0x0000000000006e08      0x17e ./sdk/Peripheral/ch32v30x_tim.o
                0x0000000000006e08                TIM_TimeBaseInit
 .text.TIM_OC1Init
                0x0000000000006f86      0x19c ./sdk/Peripheral/ch32v30x_tim.o
                0x0000000000006f86                TIM_OC1Init
 .text.TIM_OC2Init
                0x0000000000007122      0x1e2 ./sdk/Peripheral/ch32v30x_tim.o
                0x0000000000007122                TIM_OC2Init
 .text.TIM_OC3Init
                0x0000000000007304      0x1dc ./sdk/Peripheral/ch32v30x_tim.o
                0x0000000000007304                TIM_OC3Init
 .text.TIM_OC4Init
                0x00000000000074e0      0x176 ./sdk/Peripheral/ch32v30x_tim.o
                0x00000000000074e0                TIM_OC4Init
 .text.TIM_TimeBaseStructInit
                0x0000000000007656       0x3c ./sdk/Peripheral/ch32v30x_tim.o
                0x0000000000007656                TIM_TimeBaseStructInit
 .text.TIM_Cmd  0x0000000000007692       0x58 ./sdk/Peripheral/ch32v30x_tim.o
                0x0000000000007692                TIM_Cmd
 .text.TIM_CtrlPWMOutputs
                0x00000000000076ea       0x60 ./sdk/Peripheral/ch32v30x_tim.o
                0x00000000000076ea                TIM_CtrlPWMOutputs
 .text.TIM_ITRxExternalClockConfig
                0x000000000000774a       0x46 ./sdk/Peripheral/ch32v30x_tim.o
                0x000000000000774a                TIM_ITRxExternalClockConfig
 .text.TIM_SelectInputTrigger
                0x0000000000007790       0x4e ./sdk/Peripheral/ch32v30x_tim.o
                0x0000000000007790                TIM_SelectInputTrigger
 .text.TIM_EncoderInterfaceConfig
                0x00000000000077de       0xd8 ./sdk/Peripheral/ch32v30x_tim.o
                0x00000000000077de                TIM_EncoderInterfaceConfig
 .text.TIM_OC1PreloadConfig
                0x00000000000078b6       0x4c ./sdk/Peripheral/ch32v30x_tim.o
                0x00000000000078b6                TIM_OC1PreloadConfig
 .text.TIM_OC2PreloadConfig
                0x0000000000007902       0x5a ./sdk/Peripheral/ch32v30x_tim.o
                0x0000000000007902                TIM_OC2PreloadConfig
 .text.TIM_OC3PreloadConfig
                0x000000000000795c       0x4c ./sdk/Peripheral/ch32v30x_tim.o
                0x000000000000795c                TIM_OC3PreloadConfig
 .text.TIM_OC4PreloadConfig
                0x00000000000079a8       0x5a ./sdk/Peripheral/ch32v30x_tim.o
                0x00000000000079a8                TIM_OC4PreloadConfig
 .text.TIM_OC1FastConfig
                0x0000000000007a02       0x4c ./sdk/Peripheral/ch32v30x_tim.o
                0x0000000000007a02                TIM_OC1FastConfig
 .text.TIM_OC2FastConfig
                0x0000000000007a4e       0x56 ./sdk/Peripheral/ch32v30x_tim.o
                0x0000000000007a4e                TIM_OC2FastConfig
 .text.TIM_OC3FastConfig
                0x0000000000007aa4       0x4c ./sdk/Peripheral/ch32v30x_tim.o
                0x0000000000007aa4                TIM_OC3FastConfig
 .text.TIM_OC4FastConfig
                0x0000000000007af0       0x56 ./sdk/Peripheral/ch32v30x_tim.o
                0x0000000000007af0                TIM_OC4FastConfig
 .text.TIM_GetITStatus
                0x0000000000007b46       0x70 ./sdk/Peripheral/ch32v30x_tim.o
                0x0000000000007b46                TIM_GetITStatus
 .text.TIM_ClearITPendingBit
                0x0000000000007bb6       0x2e ./sdk/Peripheral/ch32v30x_tim.o
                0x0000000000007bb6                TIM_ClearITPendingBit
 .text.USART_Init
                0x0000000000007be4      0x234 ./sdk/Peripheral/ch32v30x_usart.o
                0x0000000000007be4                USART_Init
 .text.USART_Cmd
                0x0000000000007e18       0x60 ./sdk/Peripheral/ch32v30x_usart.o
                0x0000000000007e18                USART_Cmd
 .text.USART_ITConfig
                0x0000000000007e78       0xc4 ./sdk/Peripheral/ch32v30x_usart.o
                0x0000000000007e78                USART_ITConfig
 .text.USART_SendData
                0x0000000000007f3c       0x2e ./sdk/Peripheral/ch32v30x_usart.o
                0x0000000000007f3c                USART_SendData
 .text.USART_GetFlagStatus
                0x0000000000007f6a       0x46 ./sdk/Peripheral/ch32v30x_usart.o
                0x0000000000007f6a                USART_GetFlagStatus
 .text.USART_GetITStatus
                0x0000000000007fb0      0x102 ./sdk/Peripheral/ch32v30x_usart.o
                0x0000000000007fb0                USART_GetITStatus
 .text.USART_ClearITPendingBit
                0x00000000000080b2       0x4e ./sdk/Peripheral/ch32v30x_usart.o
                0x00000000000080b2                USART_ClearITPendingBit
 .text.DevEP1_IN_Deal
                0x0000000000008100       0x3e ./sdk/Peripheral/ch32v30x_usbotg_device.o
                0x0000000000008100                DevEP1_IN_Deal
 .text.DevEP2_IN_Deal
                0x000000000000813e       0x3e ./sdk/Peripheral/ch32v30x_usbotg_device.o
                0x000000000000813e                DevEP2_IN_Deal
 .text.DevEP1_OUT_Deal
                0x000000000000817c       0x66 ./sdk/Peripheral/ch32v30x_usbotg_device.o
                0x000000000000817c                DevEP1_OUT_Deal
 .text.DevEP2_OUT_Deal
                0x00000000000081e2       0x66 ./sdk/Peripheral/ch32v30x_usbotg_device.o
                0x00000000000081e2                DevEP2_OUT_Deal
 .text.OTG_FS_IRQHandler
                0x0000000000008248      0xd16 ./sdk/Peripheral/ch32v30x_usbotg_device.o
                0x0000000000008248                OTG_FS_IRQHandler
 .text.duty_compute
                0x0000000000008f5e       0x36 ./code/duoji.o
                0x0000000000008f5e                duty_compute
 .text.duoji_init
                0x0000000000008f94       0x32 ./code/duoji.o
                0x0000000000008f94                duoji_init
 .text.motor_init
                0x0000000000008fc6       0xd0 ./code/motor.o
                0x0000000000008fc6                motor_init
 .text.left_motor_set_speed
                0x0000000000009096       0x1a ./code/motor.o
                0x0000000000009096                left_motor_set_speed
 .text.right_motor_set_speed
                0x00000000000090b0       0x1a ./code/motor.o
                0x00000000000090b0                right_motor_set_speed
 .text.left_motor_set_duty
                0x00000000000090ca       0x2c ./code/motor.o
                0x00000000000090ca                left_motor_set_duty
 .text.right_motor_set_duty
                0x00000000000090f6       0x2c ./code/motor.o
                0x00000000000090f6                right_motor_set_duty
 .text.motor_get_speed
                0x0000000000009122       0x3c ./code/motor.o
                0x0000000000009122                motor_get_speed
 .text.motor_run_it
                0x000000000000915e       0x72 ./code/motor.o
                0x000000000000915e                motor_run_it
 .text.pid_init
                0x00000000000091d0       0x80 ./code/pid.o
                0x00000000000091d0                pid_init
 .text.pid_calc
                0x0000000000009250       0xe2 ./code/pid.o
                0x0000000000009250                pid_calc
 .text.__adddf3
                0x0000000000009332      0xa0e g:/mounriver/mounriver_studio/toolchain/risc-v embedded gcc/bin/../lib/gcc/riscv-none-embed/8.2.0/rv32imafc/ilp32f\libgcc.a(adddf3.o)
                0x0000000000009332                __adddf3
 .text.__divdf3
                0x0000000000009d40      0x7ea g:/mounriver/mounriver_studio/toolchain/risc-v embedded gcc/bin/../lib/gcc/riscv-none-embed/8.2.0/rv32imafc/ilp32f\libgcc.a(divdf3.o)
                0x0000000000009d40                __divdf3
 .text.__eqdf2  0x000000000000a52a       0x98 g:/mounriver/mounriver_studio/toolchain/risc-v embedded gcc/bin/../lib/gcc/riscv-none-embed/8.2.0/rv32imafc/ilp32f\libgcc.a(eqdf2.o)
                0x000000000000a52a                __nedf2
                0x000000000000a52a                __eqdf2
 .text.__gedf2  0x000000000000a5c2       0xb6 g:/mounriver/mounriver_studio/toolchain/risc-v embedded gcc/bin/../lib/gcc/riscv-none-embed/8.2.0/rv32imafc/ilp32f\libgcc.a(gedf2.o)
                0x000000000000a5c2                __gedf2
                0x000000000000a5c2                __gtdf2
 .text.__ledf2  0x000000000000a678       0xb6 g:/mounriver/mounriver_studio/toolchain/risc-v embedded gcc/bin/../lib/gcc/riscv-none-embed/8.2.0/rv32imafc/ilp32f\libgcc.a(ledf2.o)
                0x000000000000a678                __ledf2
                0x000000000000a678                __ltdf2
 .text.__muldf3
                0x000000000000a72e      0x656 g:/mounriver/mounriver_studio/toolchain/risc-v embedded gcc/bin/../lib/gcc/riscv-none-embed/8.2.0/rv32imafc/ilp32f\libgcc.a(muldf3.o)
                0x000000000000a72e                __muldf3
 .text.__subdf3
                0x000000000000ad84      0xa8c g:/mounriver/mounriver_studio/toolchain/risc-v embedded gcc/bin/../lib/gcc/riscv-none-embed/8.2.0/rv32imafc/ilp32f\libgcc.a(subdf3.o)
                0x000000000000ad84                __subdf3
 .text.__unorddf2
                0x000000000000b810       0x7c g:/mounriver/mounriver_studio/toolchain/risc-v embedded gcc/bin/../lib/gcc/riscv-none-embed/8.2.0/rv32imafc/ilp32f\libgcc.a(unorddf2.o)
                0x000000000000b810                __unorddf2
 .text.__fixdfsi
                0x000000000000b88c       0xd8 g:/mounriver/mounriver_studio/toolchain/risc-v embedded gcc/bin/../lib/gcc/riscv-none-embed/8.2.0/rv32imafc/ilp32f\libgcc.a(fixdfsi.o)
                0x000000000000b88c                __fixdfsi
 .text.__fixunsdfsi
                0x000000000000b964       0x9e g:/mounriver/mounriver_studio/toolchain/risc-v embedded gcc/bin/../lib/gcc/riscv-none-embed/8.2.0/rv32imafc/ilp32f\libgcc.a(fixunsdfsi.o)
                0x000000000000b964                __fixunsdfsi
 .text.__floatsidf
                0x000000000000ba02       0x70 g:/mounriver/mounriver_studio/toolchain/risc-v embedded gcc/bin/../lib/gcc/riscv-none-embed/8.2.0/rv32imafc/ilp32f\libgcc.a(floatsidf.o)
                0x000000000000ba02                __floatsidf
 .text.__floatunsidf
                0x000000000000ba72       0x66 g:/mounriver/mounriver_studio/toolchain/risc-v embedded gcc/bin/../lib/gcc/riscv-none-embed/8.2.0/rv32imafc/ilp32f\libgcc.a(floatunsidf.o)
                0x000000000000ba72                __floatunsidf
 .text.__extendsfdf2
                0x000000000000bad8       0xe8 g:/mounriver/mounriver_studio/toolchain/risc-v embedded gcc/bin/../lib/gcc/riscv-none-embed/8.2.0/rv32imafc/ilp32f\libgcc.a(extendsfdf2.o)
                0x000000000000bad8                __extendsfdf2
 .text.__clzsi2
                0x000000000000bbc0       0x76 g:/mounriver/mounriver_studio/toolchain/risc-v embedded gcc/bin/../lib/gcc/riscv-none-embed/8.2.0/rv32imafc/ilp32f\libgcc.a(_clzsi2.o)
                0x000000000000bbc0                __clzsi2
 .text.malloc   0x000000000000bc36        0xa g:/mounriver/mounriver_studio/toolchain/risc-v embedded gcc/bin/../lib/gcc/riscv-none-embed/8.2.0/../../../../riscv-none-embed/lib/rv32imafc/ilp32f\libg_nano.a(lib_a-malloc.o)
                0x000000000000bc36                malloc
 .text.memcpy   0x000000000000bc40       0xb6 g:/mounriver/mounriver_studio/toolchain/risc-v embedded gcc/bin/../lib/gcc/riscv-none-embed/8.2.0/../../../../riscv-none-embed/lib/rv32imafc/ilp32f\libg_nano.a(lib_a-memcpy.o)
                0x000000000000bc40                memcpy
 .text._free_r  0x000000000000bcf6       0xa8 g:/mounriver/mounriver_studio/toolchain/risc-v embedded gcc/bin/../lib/gcc/riscv-none-embed/8.2.0/../../../../riscv-none-embed/lib/rv32imafc/ilp32f\libg_nano.a(lib_a-nano-freer.o)
                0x000000000000bcf6                _free_r
 .text._malloc_r
                0x000000000000bd9e       0xda g:/mounriver/mounriver_studio/toolchain/risc-v embedded gcc/bin/../lib/gcc/riscv-none-embed/8.2.0/../../../../riscv-none-embed/lib/rv32imafc/ilp32f\libg_nano.a(lib_a-nano-mallocr.o)
                0x000000000000bd9e                _malloc_r
 .text.__cvt    0x000000000000be78       0xee g:/mounriver/mounriver_studio/toolchain/risc-v embedded gcc/bin/../lib/gcc/riscv-none-embed/8.2.0/../../../../riscv-none-embed/lib/rv32imafc/ilp32f\libg_nano.a(lib_a-nano-vfprintf_float.o)
                0x000000000000be78                __cvt
 .text.__exponent
                0x000000000000bf66       0x8c g:/mounriver/mounriver_studio/toolchain/risc-v embedded gcc/bin/../lib/gcc/riscv-none-embed/8.2.0/../../../../riscv-none-embed/lib/rv32imafc/ilp32f\libg_nano.a(lib_a-nano-vfprintf_float.o)
                0x000000000000bf66                __exponent
 .text._printf_float
                0x000000000000bff2      0x4c4 g:/mounriver/mounriver_studio/toolchain/risc-v embedded gcc/bin/../lib/gcc/riscv-none-embed/8.2.0/../../../../riscv-none-embed/lib/rv32imafc/ilp32f\libg_nano.a(lib_a-nano-vfprintf_float.o)
                0x000000000000bff2                _printf_float
 .text._printf_common
                0x000000000000c4b6      0x10c g:/mounriver/mounriver_studio/toolchain/risc-v embedded gcc/bin/../lib/gcc/riscv-none-embed/8.2.0/../../../../riscv-none-embed/lib/rv32imafc/ilp32f\libg_nano.a(lib_a-nano-vfprintf_i.o)
                0x000000000000c4b6                _printf_common
 .text._printf_i
                0x000000000000c5c2      0x2ac g:/mounriver/mounriver_studio/toolchain/risc-v embedded gcc/bin/../lib/gcc/riscv-none-embed/8.2.0/../../../../riscv-none-embed/lib/rv32imafc/ilp32f\libg_nano.a(lib_a-nano-vfprintf_i.o)
                0x000000000000c5c2                _printf_i
 .text.printf   0x000000000000c86e       0x42 g:/mounriver/mounriver_studio/toolchain/risc-v embedded gcc/bin/../lib/gcc/riscv-none-embed/8.2.0/../../../../riscv-none-embed/lib/rv32imafc/ilp32f\libg_nano.a(lib_a-printf.o)
                0x000000000000c86e                iprintf
                0x000000000000c86e                printf
 .text._sbrk_r  0x000000000000c8b0       0x2a g:/mounriver/mounriver_studio/toolchain/risc-v embedded gcc/bin/../lib/gcc/riscv-none-embed/8.2.0/../../../../riscv-none-embed/lib/rv32imafc/ilp32f\libg_nano.a(lib_a-sbrkr.o)
                0x000000000000c8b0                _sbrk_r
 .text.sprintf  0x000000000000c8da       0x46 g:/mounriver/mounriver_studio/toolchain/risc-v embedded gcc/bin/../lib/gcc/riscv-none-embed/8.2.0/../../../../riscv-none-embed/lib/rv32imafc/ilp32f\libg_nano.a(lib_a-sprintf.o)
                0x000000000000c8da                siprintf
                0x000000000000c8da                sprintf
 .text.strlen   0x000000000000c920       0x12 g:/mounriver/mounriver_studio/toolchain/risc-v embedded gcc/bin/../lib/gcc/riscv-none-embed/8.2.0/../../../../riscv-none-embed/lib/rv32imafc/ilp32f\libg_nano.a(lib_a-strlen.o)
                0x000000000000c920                strlen
 .text.strncmp  0x000000000000c932       0x2c g:/mounriver/mounriver_studio/toolchain/risc-v embedded gcc/bin/../lib/gcc/riscv-none-embed/8.2.0/../../../../riscv-none-embed/lib/rv32imafc/ilp32f\libg_nano.a(lib_a-strncmp.o)
                0x000000000000c932                strncmp
 .text.quorem   0x000000000000c95e      0x13a g:/mounriver/mounriver_studio/toolchain/risc-v embedded gcc/bin/../lib/gcc/riscv-none-embed/8.2.0/../../../../riscv-none-embed/lib/rv32imafc/ilp32f\libg_nano.a(lib_a-dtoa.o)
 .text._dtoa_r  0x000000000000ca98      0xbea g:/mounriver/mounriver_studio/toolchain/risc-v embedded gcc/bin/../lib/gcc/riscv-none-embed/8.2.0/../../../../riscv-none-embed/lib/rv32imafc/ilp32f\libg_nano.a(lib_a-dtoa.o)
                0x000000000000ca98                _dtoa_r
 .text.std      0x000000000000d682       0x6a g:/mounriver/mounriver_studio/toolchain/risc-v embedded gcc/bin/../lib/gcc/riscv-none-embed/8.2.0/../../../../riscv-none-embed/lib/rv32imafc/ilp32f\libg_nano.a(lib_a-findfp.o)
 .text._cleanup_r
                0x000000000000d6ec        0xa g:/mounriver/mounriver_studio/toolchain/risc-v embedded gcc/bin/../lib/gcc/riscv-none-embed/8.2.0/../../../../riscv-none-embed/lib/rv32imafc/ilp32f\libg_nano.a(lib_a-findfp.o)
                0x000000000000d6ec                _cleanup_r
 .text.__sfmoreglue
                0x000000000000d6f6       0x48 g:/mounriver/mounriver_studio/toolchain/risc-v embedded gcc/bin/../lib/gcc/riscv-none-embed/8.2.0/../../../../riscv-none-embed/lib/rv32imafc/ilp32f\libg_nano.a(lib_a-findfp.o)
                0x000000000000d6f6                __sfmoreglue
 .text.__sinit  0x000000000000d73e       0x6c g:/mounriver/mounriver_studio/toolchain/risc-v embedded gcc/bin/../lib/gcc/riscv-none-embed/8.2.0/../../../../riscv-none-embed/lib/rv32imafc/ilp32f\libg_nano.a(lib_a-findfp.o)
                0x000000000000d73e                __sinit
 .text.__sfp    0x000000000000d7aa       0xa0 g:/mounriver/mounriver_studio/toolchain/risc-v embedded gcc/bin/../lib/gcc/riscv-none-embed/8.2.0/../../../../riscv-none-embed/lib/rv32imafc/ilp32f\libg_nano.a(lib_a-findfp.o)
                0x000000000000d7aa                __sfp
 .text._fwalk_reent
                0x000000000000d84a       0x6c g:/mounriver/mounriver_studio/toolchain/risc-v embedded gcc/bin/../lib/gcc/riscv-none-embed/8.2.0/../../../../riscv-none-embed/lib/rv32imafc/ilp32f\libg_nano.a(lib_a-fwalk.o)
                0x000000000000d84a                _fwalk_reent
 .text._localeconv_r
                0x000000000000d8b6       0x18 g:/mounriver/mounriver_studio/toolchain/risc-v embedded gcc/bin/../lib/gcc/riscv-none-embed/8.2.0/../../../../riscv-none-embed/lib/rv32imafc/ilp32f\libg_nano.a(lib_a-localeconv.o)
                0x000000000000d8b6                _localeconv_r
 .text.memchr   0x000000000000d8ce       0x1a g:/mounriver/mounriver_studio/toolchain/risc-v embedded gcc/bin/../lib/gcc/riscv-none-embed/8.2.0/../../../../riscv-none-embed/lib/rv32imafc/ilp32f\libg_nano.a(lib_a-memchr.o)
                0x000000000000d8ce                memchr
 .text.__malloc_lock
                0x000000000000d8e8        0x2 g:/mounriver/mounriver_studio/toolchain/risc-v embedded gcc/bin/../lib/gcc/riscv-none-embed/8.2.0/../../../../riscv-none-embed/lib/rv32imafc/ilp32f\libg_nano.a(lib_a-mlock.o)
                0x000000000000d8e8                __malloc_lock
 .text.__malloc_unlock
                0x000000000000d8ea        0x2 g:/mounriver/mounriver_studio/toolchain/risc-v embedded gcc/bin/../lib/gcc/riscv-none-embed/8.2.0/../../../../riscv-none-embed/lib/rv32imafc/ilp32f\libg_nano.a(lib_a-mlock.o)
                0x000000000000d8ea                __malloc_unlock
 .text._Balloc  0x000000000000d8ec       0x88 g:/mounriver/mounriver_studio/toolchain/risc-v embedded gcc/bin/../lib/gcc/riscv-none-embed/8.2.0/../../../../riscv-none-embed/lib/rv32imafc/ilp32f\libg_nano.a(lib_a-mprec.o)
                0x000000000000d8ec                _Balloc
 .text._Bfree   0x000000000000d974       0x44 g:/mounriver/mounriver_studio/toolchain/risc-v embedded gcc/bin/../lib/gcc/riscv-none-embed/8.2.0/../../../../riscv-none-embed/lib/rv32imafc/ilp32f\libg_nano.a(lib_a-mprec.o)
                0x000000000000d974                _Bfree
 .text.__multadd
                0x000000000000d9b8       0x98 g:/mounriver/mounriver_studio/toolchain/risc-v embedded gcc/bin/../lib/gcc/riscv-none-embed/8.2.0/../../../../riscv-none-embed/lib/rv32imafc/ilp32f\libg_nano.a(lib_a-mprec.o)
                0x000000000000d9b8                __multadd
 .text.__hi0bits
                0x000000000000da50       0x46 g:/mounriver/mounriver_studio/toolchain/risc-v embedded gcc/bin/../lib/gcc/riscv-none-embed/8.2.0/../../../../riscv-none-embed/lib/rv32imafc/ilp32f\libg_nano.a(lib_a-mprec.o)
                0x000000000000da50                __hi0bits
 .text.__lo0bits
                0x000000000000da96       0x6a g:/mounriver/mounriver_studio/toolchain/risc-v embedded gcc/bin/../lib/gcc/riscv-none-embed/8.2.0/../../../../riscv-none-embed/lib/rv32imafc/ilp32f\libg_nano.a(lib_a-mprec.o)
                0x000000000000da96                __lo0bits
 .text.__i2b    0x000000000000db00       0x1c g:/mounriver/mounriver_studio/toolchain/risc-v embedded gcc/bin/../lib/gcc/riscv-none-embed/8.2.0/../../../../riscv-none-embed/lib/rv32imafc/ilp32f\libg_nano.a(lib_a-mprec.o)
                0x000000000000db00                __i2b
 .text.__multiply
                0x000000000000db1c      0x144 g:/mounriver/mounriver_studio/toolchain/risc-v embedded gcc/bin/../lib/gcc/riscv-none-embed/8.2.0/../../../../riscv-none-embed/lib/rv32imafc/ilp32f\libg_nano.a(lib_a-mprec.o)
                0x000000000000db1c                __multiply
 .text.__pow5mult
                0x000000000000dc60       0xbe g:/mounriver/mounriver_studio/toolchain/risc-v embedded gcc/bin/../lib/gcc/riscv-none-embed/8.2.0/../../../../riscv-none-embed/lib/rv32imafc/ilp32f\libg_nano.a(lib_a-mprec.o)
                0x000000000000dc60                __pow5mult
 .text.__lshift
                0x000000000000dd1e       0xce g:/mounriver/mounriver_studio/toolchain/risc-v embedded gcc/bin/../lib/gcc/riscv-none-embed/8.2.0/../../../../riscv-none-embed/lib/rv32imafc/ilp32f\libg_nano.a(lib_a-mprec.o)
                0x000000000000dd1e                __lshift
 .text.__mcmp   0x000000000000ddec       0x32 g:/mounriver/mounriver_studio/toolchain/risc-v embedded gcc/bin/../lib/gcc/riscv-none-embed/8.2.0/../../../../riscv-none-embed/lib/rv32imafc/ilp32f\libg_nano.a(lib_a-mprec.o)
                0x000000000000ddec                __mcmp
 .text.__mdiff  0x000000000000de1e       0xf2 g:/mounriver/mounriver_studio/toolchain/risc-v embedded gcc/bin/../lib/gcc/riscv-none-embed/8.2.0/../../../../riscv-none-embed/lib/rv32imafc/ilp32f\libg_nano.a(lib_a-mprec.o)
                0x000000000000de1e                __mdiff
 .text.__d2b    0x000000000000df10       0xd4 g:/mounriver/mounriver_studio/toolchain/risc-v embedded gcc/bin/../lib/gcc/riscv-none-embed/8.2.0/../../../../riscv-none-embed/lib/rv32imafc/ilp32f\libg_nano.a(lib_a-mprec.o)
                0x000000000000df10                __d2b
 .text._calloc_r
                0x000000000000dfe4       0x28 g:/mounriver/mounriver_studio/toolchain/risc-v embedded gcc/bin/../lib/gcc/riscv-none-embed/8.2.0/../../../../riscv-none-embed/lib/rv32imafc/ilp32f\libg_nano.a(lib_a-nano-callocr.o)
                0x000000000000dfe4                _calloc_r
 .text.__ssputs_r
                0x000000000000e00c       0xee g:/mounriver/mounriver_studio/toolchain/risc-v embedded gcc/bin/../lib/gcc/riscv-none-embed/8.2.0/../../../../riscv-none-embed/lib/rv32imafc/ilp32f\libg_nano.a(lib_a-nano-svfprintf.o)
                0x000000000000e00c                __ssputs_r
 .text._svfprintf_r
                0x000000000000e0fa      0x27e g:/mounriver/mounriver_studio/toolchain/risc-v embedded gcc/bin/../lib/gcc/riscv-none-embed/8.2.0/../../../../riscv-none-embed/lib/rv32imafc/ilp32f\libg_nano.a(lib_a-nano-svfprintf.o)
                0x000000000000e0fa                _svfiprintf_r
                0x000000000000e0fa                _svfprintf_r
 .text.__sfputc_r
                0x000000000000e378       0x28 g:/mounriver/mounriver_studio/toolchain/risc-v embedded gcc/bin/../lib/gcc/riscv-none-embed/8.2.0/../../../../riscv-none-embed/lib/rv32imafc/ilp32f\libg_nano.a(lib_a-nano-vfprintf.o)
 .text.__sfputs_r
                0x000000000000e3a0       0x44 g:/mounriver/mounriver_studio/toolchain/risc-v embedded gcc/bin/../lib/gcc/riscv-none-embed/8.2.0/../../../../riscv-none-embed/lib/rv32imafc/ilp32f\libg_nano.a(lib_a-nano-vfprintf.o)
                0x000000000000e3a0                __sfputs_r
 .text._vfprintf_r
                0x000000000000e3e4      0x29e g:/mounriver/mounriver_studio/toolchain/risc-v embedded gcc/bin/../lib/gcc/riscv-none-embed/8.2.0/../../../../riscv-none-embed/lib/rv32imafc/ilp32f\libg_nano.a(lib_a-nano-vfprintf.o)
                0x000000000000e3e4                _vfprintf_r
                0x000000000000e3e4                _vfiprintf_r
 .text.__sread  0x000000000000e682       0x30 g:/mounriver/mounriver_studio/toolchain/risc-v embedded gcc/bin/../lib/gcc/riscv-none-embed/8.2.0/../../../../riscv-none-embed/lib/rv32imafc/ilp32f\libg_nano.a(lib_a-stdio.o)
                0x000000000000e682                __sread
 .text.__swrite
                0x000000000000e6b2       0x4e g:/mounriver/mounriver_studio/toolchain/risc-v embedded gcc/bin/../lib/gcc/riscv-none-embed/8.2.0/../../../../riscv-none-embed/lib/rv32imafc/ilp32f\libg_nano.a(lib_a-stdio.o)
                0x000000000000e6b2                __swrite
 .text.__sseek  0x000000000000e700       0x36 g:/mounriver/mounriver_studio/toolchain/risc-v embedded gcc/bin/../lib/gcc/riscv-none-embed/8.2.0/../../../../riscv-none-embed/lib/rv32imafc/ilp32f\libg_nano.a(lib_a-stdio.o)
                0x000000000000e700                __sseek
 .text.__sclose
                0x000000000000e736        0x6 g:/mounriver/mounriver_studio/toolchain/risc-v embedded gcc/bin/../lib/gcc/riscv-none-embed/8.2.0/../../../../riscv-none-embed/lib/rv32imafc/ilp32f\libg_nano.a(lib_a-stdio.o)
                0x000000000000e736                __sclose
 .text.__swbuf_r
                0x000000000000e73c       0xc2 g:/mounriver/mounriver_studio/toolchain/risc-v embedded gcc/bin/../lib/gcc/riscv-none-embed/8.2.0/../../../../riscv-none-embed/lib/rv32imafc/ilp32f\libg_nano.a(lib_a-wbuf.o)
                0x000000000000e73c                __swbuf_r
 .text._write_r
                0x000000000000e7fe       0x2e g:/mounriver/mounriver_studio/toolchain/risc-v embedded gcc/bin/../lib/gcc/riscv-none-embed/8.2.0/../../../../riscv-none-embed/lib/rv32imafc/ilp32f\libg_nano.a(lib_a-writer.o)
                0x000000000000e7fe                _write_r
 .text.__swsetup_r
                0x000000000000e82c      0x110 g:/mounriver/mounriver_studio/toolchain/risc-v embedded gcc/bin/../lib/gcc/riscv-none-embed/8.2.0/../../../../riscv-none-embed/lib/rv32imafc/ilp32f\libg_nano.a(lib_a-wsetup.o)
                0x000000000000e82c                __swsetup_r
 .text._close_r
                0x000000000000e93c       0x2a g:/mounriver/mounriver_studio/toolchain/risc-v embedded gcc/bin/../lib/gcc/riscv-none-embed/8.2.0/../../../../riscv-none-embed/lib/rv32imafc/ilp32f\libg_nano.a(lib_a-closer.o)
                0x000000000000e93c                _close_r
 .text.__sflush_r
                0x000000000000e966      0x13e g:/mounriver/mounriver_studio/toolchain/risc-v embedded gcc/bin/../lib/gcc/riscv-none-embed/8.2.0/../../../../riscv-none-embed/lib/rv32imafc/ilp32f\libg_nano.a(lib_a-fflush.o)
                0x000000000000e966                __sflush_r
 .text._fflush_r
                0x000000000000eaa4       0x68 g:/mounriver/mounriver_studio/toolchain/risc-v embedded gcc/bin/../lib/gcc/riscv-none-embed/8.2.0/../../../../riscv-none-embed/lib/rv32imafc/ilp32f\libg_nano.a(lib_a-fflush.o)
                0x000000000000eaa4                _fflush_r
 .text._lseek_r
                0x000000000000eb0c       0x2c g:/mounriver/mounriver_studio/toolchain/risc-v embedded gcc/bin/../lib/gcc/riscv-none-embed/8.2.0/../../../../riscv-none-embed/lib/rv32imafc/ilp32f\libg_nano.a(lib_a-lseekr.o)
                0x000000000000eb0c                _lseek_r
 .text.__swhatbuf_r
                0x000000000000eb38       0x58 g:/mounriver/mounriver_studio/toolchain/risc-v embedded gcc/bin/../lib/gcc/riscv-none-embed/8.2.0/../../../../riscv-none-embed/lib/rv32imafc/ilp32f\libg_nano.a(lib_a-makebuf.o)
                0x000000000000eb38                __swhatbuf_r
 .text.__smakebuf_r
                0x000000000000eb90       0xa0 g:/mounriver/mounriver_studio/toolchain/risc-v embedded gcc/bin/../lib/gcc/riscv-none-embed/8.2.0/../../../../riscv-none-embed/lib/rv32imafc/ilp32f\libg_nano.a(lib_a-makebuf.o)
                0x000000000000eb90                __smakebuf_r
 .text.__ascii_mbtowc
                0x000000000000ec30       0x3a g:/mounriver/mounriver_studio/toolchain/risc-v embedded gcc/bin/../lib/gcc/riscv-none-embed/8.2.0/../../../../riscv-none-embed/lib/rv32imafc/ilp32f\libg_nano.a(lib_a-mbtowc_r.o)
                0x000000000000ec30                __ascii_mbtowc
 .text.memmove  0x000000000000ec6a       0x4a g:/mounriver/mounriver_studio/toolchain/risc-v embedded gcc/bin/../lib/gcc/riscv-none-embed/8.2.0/../../../../riscv-none-embed/lib/rv32imafc/ilp32f\libg_nano.a(lib_a-memmove.o)
                0x000000000000ec6a                memmove
 .text._realloc_r
                0x000000000000ecb4       0x58 g:/mounriver/mounriver_studio/toolchain/risc-v embedded gcc/bin/../lib/gcc/riscv-none-embed/8.2.0/../../../../riscv-none-embed/lib/rv32imafc/ilp32f\libg_nano.a(lib_a-nano-reallocr.o)
                0x000000000000ecb4                _realloc_r
 .text._read_r  0x000000000000ed0c       0x2c g:/mounriver/mounriver_studio/toolchain/risc-v embedded gcc/bin/../lib/gcc/riscv-none-embed/8.2.0/../../../../riscv-none-embed/lib/rv32imafc/ilp32f\libg_nano.a(lib_a-readr.o)
                0x000000000000ed0c                _read_r
 .text.__ascii_wctomb
                0x000000000000ed38       0x20 g:/mounriver/mounriver_studio/toolchain/risc-v embedded gcc/bin/../lib/gcc/riscv-none-embed/8.2.0/../../../../riscv-none-embed/lib/rv32imafc/ilp32f\libg_nano.a(lib_a-wctomb_r.o)
                0x000000000000ed38                __ascii_wctomb
 .text._fstat_r
                0x000000000000ed58       0x2a g:/mounriver/mounriver_studio/toolchain/risc-v embedded gcc/bin/../lib/gcc/riscv-none-embed/8.2.0/../../../../riscv-none-embed/lib/rv32imafc/ilp32f\libg_nano.a(lib_a-fstatr.o)
                0x000000000000ed58                _fstat_r
 .text._isatty_r
                0x000000000000ed82       0x28 g:/mounriver/mounriver_studio/toolchain/risc-v embedded gcc/bin/../lib/gcc/riscv-none-embed/8.2.0/../../../../riscv-none-embed/lib/rv32imafc/ilp32f\libg_nano.a(lib_a-isattyr.o)
                0x000000000000ed82                _isatty_r
 .text._malloc_usable_size_r
                0x000000000000edaa       0x14 g:/mounriver/mounriver_studio/toolchain/risc-v embedded gcc/bin/../lib/gcc/riscv-none-embed/8.2.0/../../../../riscv-none-embed/lib/rv32imafc/ilp32f\libg_nano.a(lib_a-nano-msizer.o)
                0x000000000000edaa                _malloc_usable_size_r
 .text.__trunctfdf2
                0x000000000000edbe      0x3d0 g:/mounriver/mounriver_studio/toolchain/risc-v embedded gcc/bin/../lib/gcc/riscv-none-embed/8.2.0/rv32imafc/ilp32f\libgcc.a(trunctfdf2.o)
                0x000000000000edbe                __trunctfdf2
 .text._close   0x000000000000f18e        0xc g:/mounriver/mounriver_studio/toolchain/risc-v embedded gcc/bin/../lib/gcc/riscv-none-embed/8.2.0/../../../../riscv-none-embed/lib/rv32imafc/ilp32f\libnosys.a(close.o)
                0x000000000000f18e                _close
 .text._fstat   0x000000000000f19a        0xc g:/mounriver/mounriver_studio/toolchain/risc-v embedded gcc/bin/../lib/gcc/riscv-none-embed/8.2.0/../../../../riscv-none-embed/lib/rv32imafc/ilp32f\libnosys.a(fstat.o)
                0x000000000000f19a                _fstat
 .text._isatty  0x000000000000f1a6        0xc g:/mounriver/mounriver_studio/toolchain/risc-v embedded gcc/bin/../lib/gcc/riscv-none-embed/8.2.0/../../../../riscv-none-embed/lib/rv32imafc/ilp32f\libnosys.a(isatty.o)
                0x000000000000f1a6                _isatty
 .text._lseek   0x000000000000f1b2        0xc g:/mounriver/mounriver_studio/toolchain/risc-v embedded gcc/bin/../lib/gcc/riscv-none-embed/8.2.0/../../../../riscv-none-embed/lib/rv32imafc/ilp32f\libnosys.a(lseek.o)
                0x000000000000f1b2                _lseek
 .text._read    0x000000000000f1be        0xc g:/mounriver/mounriver_studio/toolchain/risc-v embedded gcc/bin/../lib/gcc/riscv-none-embed/8.2.0/../../../../riscv-none-embed/lib/rv32imafc/ilp32f\libnosys.a(read.o)
                0x000000000000f1be                _read
 .text._sbrk    0x000000000000f1ca       0x20 g:/mounriver/mounriver_studio/toolchain/risc-v embedded gcc/bin/../lib/gcc/riscv-none-embed/8.2.0/../../../../riscv-none-embed/lib/rv32imafc/ilp32f\libnosys.a(sbrk.o)
                0x000000000000f1ca                _sbrk
 *(.rodata)
 *fill*         0x000000000000f1ea        0x2 
 .rodata        0x000000000000f1ec       0x62 ./zf_driver/zf_driver_encoder.o
 *fill*         0x000000000000f24e        0x2 
 .rodata        0x000000000000f250       0x5e ./zf_driver/zf_driver_pwm.o
 *fill*         0x000000000000f2ae        0x2 
 .rodata        0x000000000000f2b0       0x5e ./zf_driver/zf_driver_spi.o
 *fill*         0x000000000000f30e        0x2 
 .rodata        0x000000000000f310       0x5f ./zf_driver/zf_driver_uart.o
 *fill*         0x000000000000f36f        0x1 
 .rodata        0x000000000000f370        0x8 ./zf_device/zf_device_dm1xa.o
 .rodata        0x000000000000f378       0xf0 ./zf_device/zf_device_gnss.o
 .rodata        0x000000000000f468       0x78 ./zf_device/zf_device_tft180.o
 .rodata        0x000000000000f4e0       0x78 ./zf_common/zf_common_debug.o
 .rodata        0x000000000000f558       0x5f ./zf_common/zf_common_fifo.o
 *fill*         0x000000000000f5b7        0x1 
 .rodata        0x000000000000f5b8       0xa0 ./zf_common/zf_common_function.o
 .rodata        0x000000000000f658        0x4 ./user_c/main.o
 .rodata        0x000000000000f65c       0x41 ./sdk/Peripheral/ch32v30x_usbotg_device.o
 *fill*         0x000000000000f69d        0x3 
 .rodata        0x000000000000f6a0        0x8 ./code/duoji.o
 .rodata        0x000000000000f6a8       0x10 ./code/motor.o
 *(.rodata*)
 .rodata.encoder_get_count
                0x000000000000f6b8       0x28 ./zf_driver/zf_driver_encoder.o
 .rodata.encoder_clear_count
                0x000000000000f6e0       0x28 ./zf_driver/zf_driver_encoder.o
 .rodata.encoder_quad_init
                0x000000000000f708       0x28 ./zf_driver/zf_driver_encoder.o
 .rodata.pwm_set_duty
                0x000000000000f730       0x28 ./zf_driver/zf_driver_pwm.o
 .rodata.pwm_init
                0x000000000000f758       0x28 ./zf_driver/zf_driver_pwm.o
 .rodata.spi_index
                0x000000000000f780        0xc ./zf_driver/zf_driver_spi.o
                0x000000000000f780                spi_index
 .rodata.timer_get
                0x000000000000f78c       0x28 ./zf_driver/zf_driver_timer.o
 .rodata.timer_clear
                0x000000000000f7b4       0x28 ./zf_driver/zf_driver_timer.o
 .rodata.uart_index
                0x000000000000f7dc       0x20 ./zf_driver/zf_driver_uart.o
                0x000000000000f7dc                uart_index
 .rodata.ascii_font_8x16
                0x000000000000f7fc      0x5f0 ./zf_common/zf_common_font.o
                0x000000000000f7fc                ascii_font_8x16
 .rodata.ascii_font_6x8
                0x000000000000fdec      0x228 ./zf_common/zf_common_font.o
                0x000000000000fdec                ascii_font_6x8
 .rodata.MyDevDescrHD
                0x0000000000010014       0x12 ./sdk/Peripheral/ch32v30x_usbotg_device.o
                0x0000000000010014                MyDevDescrHD
 *fill*         0x0000000000010026        0x2 
 .rodata.MyCfgDescrHD
                0x0000000000010028       0x43 ./sdk/Peripheral/ch32v30x_usbotg_device.o
                0x0000000000010028                MyCfgDescrHD
 *fill*         0x000000000001006b        0x1 
 .rodata.MyReportDescHD
                0x000000000001006c       0x14 ./sdk/Peripheral/ch32v30x_usbotg_device.o
                0x000000000001006c                MyReportDescHD
 .rodata.MyManuInfoHD
                0x0000000000010080        0xe ./sdk/Peripheral/ch32v30x_usbotg_device.o
                0x0000000000010080                MyManuInfoHD
 *fill*         0x000000000001008e        0x2 
 .rodata.MyProdInfoHD
                0x0000000000010090        0xc ./sdk/Peripheral/ch32v30x_usbotg_device.o
                0x0000000000010090                MyProdInfoHD
 .rodata.MySerNumInfoHD
                0x000000000001009c       0x16 ./sdk/Peripheral/ch32v30x_usbotg_device.o
                0x000000000001009c                MySerNumInfoHD
 *fill*         0x00000000000100b2        0x2 
 .rodata.MyUSBQUADescHD
                0x00000000000100b4        0xa ./sdk/Peripheral/ch32v30x_usbotg_device.o
                0x00000000000100b4                MyUSBQUADescHD
 *fill*         0x00000000000100be        0x2 
 .rodata.OTG_FS_IRQHandler
                0x00000000000100c0       0xbc ./sdk/Peripheral/ch32v30x_usbotg_device.o
 .rodata.__divdf3
                0x000000000001017c       0x40 g:/mounriver/mounriver_studio/toolchain/risc-v embedded gcc/bin/../lib/gcc/riscv-none-embed/8.2.0/rv32imafc/ilp32f\libgcc.a(divdf3.o)
 .rodata.__muldf3
                0x00000000000101bc       0x40 g:/mounriver/mounriver_studio/toolchain/risc-v embedded gcc/bin/../lib/gcc/riscv-none-embed/8.2.0/rv32imafc/ilp32f\libgcc.a(muldf3.o)
 .rodata.__clz_tab
                0x00000000000101fc      0x100 g:/mounriver/mounriver_studio/toolchain/risc-v embedded gcc/bin/../lib/gcc/riscv-none-embed/8.2.0/rv32imafc/ilp32f\libgcc.a(_clz.o)
                0x00000000000101fc                __clz_tab
 *fill*         0x00000000000102fc        0x4 
 .rodata._printf_float.cst8
                0x0000000000010300        0x8 g:/mounriver/mounriver_studio/toolchain/risc-v embedded gcc/bin/../lib/gcc/riscv-none-embed/8.2.0/../../../../riscv-none-embed/lib/rv32imafc/ilp32f\libg_nano.a(lib_a-nano-vfprintf_float.o)
 .rodata._printf_float.str1.4
                0x0000000000010308       0x12 g:/mounriver/mounriver_studio/toolchain/risc-v embedded gcc/bin/../lib/gcc/riscv-none-embed/8.2.0/../../../../riscv-none-embed/lib/rv32imafc/ilp32f\libg_nano.a(lib_a-nano-vfprintf_float.o)
 *fill*         0x000000000001031a        0x2 
 .rodata._printf_i.str1.4
                0x000000000001031c       0x25 g:/mounriver/mounriver_studio/toolchain/risc-v embedded gcc/bin/../lib/gcc/riscv-none-embed/8.2.0/../../../../riscv-none-embed/lib/rv32imafc/ilp32f\libg_nano.a(lib_a-nano-vfprintf_i.o)
 *fill*         0x0000000000010341        0x7 
 .rodata._dtoa_r.cst8
                0x0000000000010348       0x48 g:/mounriver/mounriver_studio/toolchain/risc-v embedded gcc/bin/../lib/gcc/riscv-none-embed/8.2.0/../../../../riscv-none-embed/lib/rv32imafc/ilp32f\libg_nano.a(lib_a-dtoa.o)
 .rodata._dtoa_r.str1.4
                0x0000000000010390       0x10 g:/mounriver/mounriver_studio/toolchain/risc-v embedded gcc/bin/../lib/gcc/riscv-none-embed/8.2.0/../../../../riscv-none-embed/lib/rv32imafc/ilp32f\libg_nano.a(lib_a-dtoa.o)
                                         0x12 (size before relaxing)
 .rodata.__sf_fake_stderr
                0x00000000000103a0       0x20 g:/mounriver/mounriver_studio/toolchain/risc-v embedded gcc/bin/../lib/gcc/riscv-none-embed/8.2.0/../../../../riscv-none-embed/lib/rv32imafc/ilp32f\libg_nano.a(lib_a-findfp.o)
                0x00000000000103a0                __sf_fake_stderr
 .rodata.__sf_fake_stdin
                0x00000000000103c0       0x20 g:/mounriver/mounriver_studio/toolchain/risc-v embedded gcc/bin/../lib/gcc/riscv-none-embed/8.2.0/../../../../riscv-none-embed/lib/rv32imafc/ilp32f\libg_nano.a(lib_a-findfp.o)
                0x00000000000103c0                __sf_fake_stdin
 .rodata.__sf_fake_stdout
                0x00000000000103e0       0x20 g:/mounriver/mounriver_studio/toolchain/risc-v embedded gcc/bin/../lib/gcc/riscv-none-embed/8.2.0/../../../../riscv-none-embed/lib/rv32imafc/ilp32f\libg_nano.a(lib_a-findfp.o)
                0x00000000000103e0                __sf_fake_stdout
 .rodata.__mprec_bigtens
                0x0000000000010400       0x28 g:/mounriver/mounriver_studio/toolchain/risc-v embedded gcc/bin/../lib/gcc/riscv-none-embed/8.2.0/../../../../riscv-none-embed/lib/rv32imafc/ilp32f\libg_nano.a(lib_a-mprec.o)
                0x0000000000010400                __mprec_bigtens
 .rodata.__mprec_tens
                0x0000000000010428       0xc8 g:/mounriver/mounriver_studio/toolchain/risc-v embedded gcc/bin/../lib/gcc/riscv-none-embed/8.2.0/../../../../riscv-none-embed/lib/rv32imafc/ilp32f\libg_nano.a(lib_a-mprec.o)
                0x0000000000010428                __mprec_tens
 .rodata.p05.3321
                0x00000000000104f0        0xc g:/mounriver/mounriver_studio/toolchain/risc-v embedded gcc/bin/../lib/gcc/riscv-none-embed/8.2.0/../../../../riscv-none-embed/lib/rv32imafc/ilp32f\libg_nano.a(lib_a-mprec.o)
 .rodata._svfprintf_r.str1.4
                0x00000000000104fc       0x13 g:/mounriver/mounriver_studio/toolchain/risc-v embedded gcc/bin/../lib/gcc/riscv-none-embed/8.2.0/../../../../riscv-none-embed/lib/rv32imafc/ilp32f\libg_nano.a(lib_a-nano-svfprintf.o)
 .rodata._vfprintf_r.str1.4
                0x000000000001050f       0x13 g:/mounriver/mounriver_studio/toolchain/risc-v embedded gcc/bin/../lib/gcc/riscv-none-embed/8.2.0/../../../../riscv-none-embed/lib/rv32imafc/ilp32f\libg_nano.a(lib_a-nano-vfprintf.o)
 *fill*         0x000000000001050f        0x1 
 .rodata._setlocale_r.str1.4
                0x0000000000010510        0xa g:/mounriver/mounriver_studio/toolchain/risc-v embedded gcc/bin/../lib/gcc/riscv-none-embed/8.2.0/../../../../riscv-none-embed/lib/rv32imafc/ilp32f\libg_nano.a(lib_a-locale.o)
                                          0xd (size before relaxing)
 *fill*         0x000000000001051a        0x2 
 .rodata.str1.4
                0x000000000001051c        0x4 g:/mounriver/mounriver_studio/toolchain/risc-v embedded gcc/bin/../lib/gcc/riscv-none-embed/8.2.0/../../../../riscv-none-embed/lib/rv32imafc/ilp32f\libg_nano.a(lib_a-locale.o)
                                          0x2 (size before relaxing)
 .rodata._ctype_
                0x0000000000010520      0x101 g:/mounriver/mounriver_studio/toolchain/risc-v embedded gcc/bin/../lib/gcc/riscv-none-embed/8.2.0/../../../../riscv-none-embed/lib/rv32imafc/ilp32f\libg_nano.a(lib_a-ctype_.o)
                0x0000000000010520                _ctype_
 *(.glue_7)
 *(.glue_7t)
 *(.gnu.linkonce.t.*)
                0x0000000000010624                . = ALIGN (0x4)
 *fill*         0x0000000000010621        0x3 

.rela.dyn       0x0000000000010624        0x0
 .rela.init     0x0000000000010624        0x0 ./zf_driver/zf_driver_delay.o
 .rela.vector   0x0000000000010624        0x0 ./zf_driver/zf_driver_delay.o
 .rela.text.handle_reset
                0x0000000000010624        0x0 ./zf_driver/zf_driver_delay.o
 .rela.text._sbrk_r
                0x0000000000010624        0x0 ./zf_driver/zf_driver_delay.o
 .rela.text._svfprintf_r
                0x0000000000010624        0x0 ./zf_driver/zf_driver_delay.o
 .rela.text._vfprintf_r
                0x0000000000010624        0x0 ./zf_driver/zf_driver_delay.o
 .rela.text._write_r
                0x0000000000010624        0x0 ./zf_driver/zf_driver_delay.o
 .rela.text._close_r
                0x0000000000010624        0x0 ./zf_driver/zf_driver_delay.o
 .rela.text._lseek_r
                0x0000000000010624        0x0 ./zf_driver/zf_driver_delay.o
 .rela.text._read_r
                0x0000000000010624        0x0 ./zf_driver/zf_driver_delay.o
 .rela.text._fstat_r
                0x0000000000010624        0x0 ./zf_driver/zf_driver_delay.o
 .rela.text._isatty_r
                0x0000000000010624        0x0 ./zf_driver/zf_driver_delay.o
 .rela.text._close
                0x0000000000010624        0x0 ./zf_driver/zf_driver_delay.o
 .rela.text._fstat
                0x0000000000010624        0x0 ./zf_driver/zf_driver_delay.o
 .rela.text._isatty
                0x0000000000010624        0x0 ./zf_driver/zf_driver_delay.o
 .rela.text._lseek
                0x0000000000010624        0x0 ./zf_driver/zf_driver_delay.o
 .rela.text._read
                0x0000000000010624        0x0 ./zf_driver/zf_driver_delay.o
 .rela.text._sbrk
                0x0000000000010624        0x0 ./zf_driver/zf_driver_delay.o

.fini           0x0000000000010624        0x0
 *(SORT_NONE(.fini))
                0x0000000000010624                . = ALIGN (0x4)
                [!provide]                        PROVIDE (_etext = .)
                [!provide]                        PROVIDE (_eitcm = .)

.preinit_array  0x0000000000010624        0x0
                [!provide]                        PROVIDE (__preinit_array_start = .)
 *(.preinit_array)
                [!provide]                        PROVIDE (__preinit_array_end = .)

.init_array     0x0000000000010624        0x0
                [!provide]                        PROVIDE (__init_array_start = .)
 *(SORT_BY_INIT_PRIORITY(.init_array.*) SORT_BY_INIT_PRIORITY(.ctors.*))
 *(.init_array EXCLUDE_FILE(*crtend?.o *crtend.o *crtbegin?.o *crtbegin.o) .ctors)
                [!provide]                        PROVIDE (__init_array_end = .)

.fini_array     0x0000000000010624        0x0
                [!provide]                        PROVIDE (__fini_array_start = .)
 *(SORT_BY_INIT_PRIORITY(.fini_array.*) SORT_BY_INIT_PRIORITY(.dtors.*))
 *(.fini_array EXCLUDE_FILE(*crtend?.o *crtend.o *crtbegin?.o *crtbegin.o) .dtors)
                [!provide]                        PROVIDE (__fini_array_end = .)

.ctors
 *crtbegin.o(.ctors)
 *crtbegin?.o(.ctors)
 *(EXCLUDE_FILE(*crtend?.o *crtend.o) .ctors)
 *(SORT_BY_NAME(.ctors.*))
 *(.ctors)

.dtors
 *crtbegin.o(.dtors)
 *crtbegin?.o(.dtors)
 *(EXCLUDE_FILE(*crtend?.o *crtend.o) .dtors)
 *(SORT_BY_NAME(.dtors.*))
 *(.dtors)

.dalign         0x0000000020000040        0x0 load address 0x0000000000010624
                0x0000000020000040                . = ALIGN (0x4)
                0x0000000020000040                PROVIDE (_data_vma = .)

.dlalign        0x0000000000010624        0x0
                0x0000000000010624                . = ALIGN (0x4)
                0x0000000000010624                PROVIDE (_data_lma = .)

.data           0x0000000020000040      0x290 load address 0x0000000000010624
 *(.gnu.linkonce.r.*)
 *(.data .data.*)
 .data.encoder_dir_pin
                0x0000000020000040        0xa ./zf_driver/zf_driver_encoder.o
 *fill*         0x000000002000004a        0x2 
 .data.gpio_group
                0x000000002000004c       0x14 ./zf_driver/zf_driver_gpio.o
                0x000000002000004c                gpio_group
 .data.APBAHBPrescTable
                0x0000000020000060       0x10 ./sdk/Peripheral/ch32v30x_rcc.o
 .data.TAB_USB_FS_OSC_DESC
                0x0000000020000070       0x43 ./sdk/Peripheral/ch32v30x_usbotg_device.o
                0x0000000020000070                TAB_USB_FS_OSC_DESC
 *fill*         0x00000000200000b3        0x1 
 .data.impure_data
                0x00000000200000b4       0x60 g:/mounriver/mounriver_studio/toolchain/risc-v embedded gcc/bin/../lib/gcc/riscv-none-embed/8.2.0/../../../../riscv-none-embed/lib/rv32imafc/ilp32f\libg_nano.a(lib_a-impure.o)
 .data.__global_locale
                0x0000000020000114      0x16c g:/mounriver/mounriver_studio/toolchain/risc-v embedded gcc/bin/../lib/gcc/riscv-none-embed/8.2.0/../../../../riscv-none-embed/lib/rv32imafc/ilp32f\libg_nano.a(lib_a-locale.o)
                0x0000000020000114                __global_locale
 *(.gnu.linkonce.d.*)
                0x0000000020000280                . = ALIGN (0x8)
                0x0000000020000a80                PROVIDE (__global_pointer$ = (. + 0x800))
 *(.sdata .sdata.*)
 .sdata.dm1xa_distance_mm
                0x0000000020000280        0x2 ./zf_device/zf_device_dm1xa.o
 .sdata.tft180_pencolor
                0x0000000020000282        0x2 ./zf_device/zf_device_tft180.o
 .sdata.tft180_bgcolor
                0x0000000020000284        0x2 ./zf_device/zf_device_tft180.o
 *fill*         0x0000000020000286        0x2 
 .sdata.tft180_display_font
                0x0000000020000288        0x4 ./zf_device/zf_device_tft180.o
 .sdata.tft180_x_max
                0x000000002000028c        0x1 ./zf_device/zf_device_tft180.o
 .sdata.tft180_y_max
                0x000000002000028d        0x1 ./zf_device/zf_device_tft180.o
 *fill*         0x000000002000028e        0x2 
 .sdata.camera_uart_handler
                0x0000000020000290        0x4 ./zf_device/zf_device_type.o
                0x0000000020000290                camera_uart_handler
 .sdata.camera_dvp_handler
                0x0000000020000294        0x4 ./zf_device/zf_device_type.o
                0x0000000020000294                camera_dvp_handler
 .sdata.wireless_module_uart_handler
                0x0000000020000298        0x4 ./zf_device/zf_device_type.o
                0x0000000020000298                wireless_module_uart_handler
 .sdata.tof_module_exti_handler
                0x000000002000029c        0x4 ./zf_device/zf_device_type.o
                0x000000002000029c                tof_module_exti_handler
 .sdata.system_clock
                0x00000000200002a0        0x4 ./zf_common/zf_common_clock.o
                0x00000000200002a0                system_clock
 .sdata.zf_debug_assert_enable
                0x00000000200002a4        0x1 ./zf_common/zf_common_debug.o
 *fill*         0x00000000200002a5        0x3 
 .sdata.ADCPrescTable
                0x00000000200002a8        0x4 ./sdk/Peripheral/ch32v30x_rcc.o
 .sdata.USBHD_Dev_Speed
                0x00000000200002ac        0x1 ./sdk/Peripheral/ch32v30x_usbotg_device.o
                0x00000000200002ac                USBHD_Dev_Speed
 *fill*         0x00000000200002ad        0x3 
 .sdata.LineCoding
                0x00000000200002b0        0x7 ./sdk/Peripheral/ch32v30x_usbotg_device.o
                0x00000000200002b0                LineCoding
 *fill*         0x00000000200002b7        0x1 
 .sdata._impure_ptr
                0x00000000200002b8        0x4 g:/mounriver/mounriver_studio/toolchain/risc-v embedded gcc/bin/../lib/gcc/riscv-none-embed/8.2.0/../../../../riscv-none-embed/lib/rv32imafc/ilp32f\libg_nano.a(lib_a-impure.o)
                0x00000000200002b8                _impure_ptr
 *(.sdata2.*)
 .sdata2.uart_irq
                0x00000000200002bc        0x8 ./zf_driver/zf_driver_uart.o
                0x00000000200002bc                uart_irq
 .sdata2.MyLangDescrHD
                0x00000000200002c4        0x4 ./sdk/Peripheral/ch32v30x_usbotg_device.o
                0x00000000200002c4                MyLangDescrHD
 .sdata2._global_impure_ptr
                0x00000000200002c8        0x4 g:/mounriver/mounriver_studio/toolchain/risc-v embedded gcc/bin/../lib/gcc/riscv-none-embed/8.2.0/../../../../riscv-none-embed/lib/rv32imafc/ilp32f\libg_nano.a(lib_a-impure.o)
                0x00000000200002c8                _global_impure_ptr
 *(.gnu.linkonce.s.*)
                0x00000000200002d0                . = ALIGN (0x8)
 *fill*         0x00000000200002cc        0x4 
 *(.srodata.cst16)
 *(.srodata.cst8)
 *(.srodata.cst4)
 *(.srodata.cst2)
 *(.srodata .srodata.*)
                0x00000000200002d0                . = ALIGN (0x4)
                0x00000000200002d0                PROVIDE (_edata = .)

.bss            0x00000000200002d0      0x31c load address 0x00000000000108b4
                0x00000000200002d0                . = ALIGN (0x4)
                0x00000000200002d0                PROVIDE (_sbss = .)
 *(.sbss*)
 .sbss.dm1xa_plus_count
                0x00000000200002d0        0x4 ./zf_device/zf_device_dm1xa.o
 .sbss.dm1xa_type
                0x00000000200002d4        0x4 ./zf_device/zf_device_dm1xa.o
 .sbss.dm1xa_ranging_state
                0x00000000200002d8        0x4 ./zf_device/zf_device_dm1xa.o
 .sbss.gnss_flag
                0x00000000200002dc        0x1 ./zf_device/zf_device_gnss.o
                0x00000000200002dc                gnss_flag
 .sbss.gnss_state
                0x00000000200002dd        0x1 ./zf_device/zf_device_gnss.o
 *fill*         0x00000000200002de        0x2 
 .sbss.gnss_gga_state
                0x00000000200002e0        0x4 ./zf_device/zf_device_gnss.o
 .sbss.gnss_rmc_state
                0x00000000200002e4        0x4 ./zf_device/zf_device_gnss.o
 .sbss.gnss_ths_state
                0x00000000200002e8        0x4 ./zf_device/zf_device_gnss.o
 .sbss.tft180_display_dir
                0x00000000200002ec        0x4 ./zf_device/zf_device_tft180.o
 .sbss.debug_uart_data
                0x00000000200002f0        0x1 ./zf_common/zf_common_debug.o
                0x00000000200002f0                debug_uart_data
 .sbss.zf_debug_init_flag
                0x00000000200002f1        0x1 ./zf_common/zf_common_debug.o
 .sbss.assert_nest_index.5042
                0x00000000200002f2        0x1 ./zf_common/zf_common_debug.o
 *fill*         0x00000000200002f3        0x1 
 .sbss.interrupt_nest_count
                0x00000000200002f4        0x4 ./zf_common/zf_common_interrupt.o
 .sbss.EP0_DatabufHD
                0x00000000200002f8        0x8 ./sdk/Peripheral/ch32v30x_usbotg_device.o
                0x00000000200002f8                EP0_DatabufHD
 .sbss.pEP0_RAM_Addr
                0x0000000020000300        0x4 ./sdk/Peripheral/ch32v30x_usbotg_device.o
                0x0000000020000300                pEP0_RAM_Addr
 .sbss.pEP1_RAM_Addr
                0x0000000020000304        0x4 ./sdk/Peripheral/ch32v30x_usbotg_device.o
                0x0000000020000304                pEP1_RAM_Addr
 .sbss.pEP2_RAM_Addr
                0x0000000020000308        0x4 ./sdk/Peripheral/ch32v30x_usbotg_device.o
                0x0000000020000308                pEP2_RAM_Addr
 .sbss.pDescr   0x000000002000030c        0x4 ./sdk/Peripheral/ch32v30x_usbotg_device.o
                0x000000002000030c                pDescr
 .sbss.USBHD_Dev_SetupReqLen
                0x0000000020000310        0x2 ./sdk/Peripheral/ch32v30x_usbotg_device.o
                0x0000000020000310                USBHD_Dev_SetupReqLen
 .sbss.USBHD_Dev_SleepStatus
                0x0000000020000312        0x1 ./sdk/Peripheral/ch32v30x_usbotg_device.o
                0x0000000020000312                USBHD_Dev_SleepStatus
 .sbss.DevConfig
                0x0000000020000313        0x1 ./sdk/Peripheral/ch32v30x_usbotg_device.o
                0x0000000020000313                DevConfig
 .sbss.SetupReqCode
                0x0000000020000314        0x1 ./sdk/Peripheral/ch32v30x_usbotg_device.o
                0x0000000020000314                SetupReqCode
 *fill*         0x0000000020000315        0x1 
 .sbss.SetupReqLen
                0x0000000020000316        0x2 ./sdk/Peripheral/ch32v30x_usbotg_device.o
                0x0000000020000316                SetupReqLen
 .sbss.left_motor_speed
                0x0000000020000318        0x4 ./code/motor.o
                0x0000000020000318                left_motor_speed
 .sbss.right_motor_speed
                0x000000002000031c        0x4 ./code/motor.o
                0x000000002000031c                right_motor_speed
 .sbss.left_motor_speed_now
                0x0000000020000320        0x4 ./code/motor.o
                0x0000000020000320                left_motor_speed_now
 .sbss.right_motor_speed_now
                0x0000000020000324        0x4 ./code/motor.o
                0x0000000020000324                right_motor_speed_now
 .sbss.left_motor_duty
                0x0000000020000328        0x4 ./code/motor.o
                0x0000000020000328                left_motor_duty
 .sbss.right_motor_duty
                0x000000002000032c        0x4 ./code/motor.o
                0x000000002000032c                right_motor_duty
 .sbss.__malloc_free_list
                0x0000000020000330        0x4 g:/mounriver/mounriver_studio/toolchain/risc-v embedded gcc/bin/../lib/gcc/riscv-none-embed/8.2.0/../../../../riscv-none-embed/lib/rv32imafc/ilp32f\libg_nano.a(lib_a-nano-mallocr.o)
                0x0000000020000330                __malloc_free_list
 .sbss.__malloc_sbrk_start
                0x0000000020000334        0x4 g:/mounriver/mounriver_studio/toolchain/risc-v embedded gcc/bin/../lib/gcc/riscv-none-embed/8.2.0/../../../../riscv-none-embed/lib/rv32imafc/ilp32f\libg_nano.a(lib_a-nano-mallocr.o)
                0x0000000020000334                __malloc_sbrk_start
 .sbss.heap_end.1520
                0x0000000020000338        0x4 g:/mounriver/mounriver_studio/toolchain/risc-v embedded gcc/bin/../lib/gcc/riscv-none-embed/8.2.0/../../../../riscv-none-embed/lib/rv32imafc/ilp32f\libnosys.a(sbrk.o)
 *(.gnu.linkonce.sb.*)
 *(.bss*)
 .bss.timer_function_state
                0x000000002000033c       0x28 ./zf_driver/zf_driver_timer.o
 .bss.timer_mode_state
                0x0000000020000364       0x28 ./zf_driver/zf_driver_timer.o
 .bss.gnss_receiver_fifo
                0x000000002000038c       0x19 ./zf_device/zf_device_gnss.o
 *fill*         0x00000000200003a5        0x3 
 .bss.gps_gga_buffer
                0x00000000200003a8       0x80 ./zf_device/zf_device_gnss.o
 .bss.gps_rmc_buffer
                0x0000000020000428       0x80 ./zf_device/zf_device_gnss.o
 .bss.gps_ths_buffer
                0x00000000200004a8       0x80 ./zf_device/zf_device_gnss.o
 .bss.debug_uart_buffer
                0x0000000020000528       0x40 ./zf_common/zf_common_debug.o
                0x0000000020000528                debug_uart_buffer
 .bss.debug_uart_fifo
                0x0000000020000568       0x19 ./zf_common/zf_common_debug.o
                0x0000000020000568                debug_uart_fifo
 *fill*         0x0000000020000581        0x3 
 .bss.debug_output_info
                0x0000000020000584       0x14 ./zf_common/zf_common_debug.o
 .bss.left_motor_pid
                0x0000000020000598       0x28 ./code/motor.o
                0x0000000020000598                left_motor_pid
 .bss.right_motor_pid
                0x00000000200005c0       0x28 ./code/motor.o
                0x00000000200005c0                right_motor_pid
 *(.gnu.linkonce.b.*)
 *(COMMON*)
 COMMON         0x00000000200005e8        0x4 g:/mounriver/mounriver_studio/toolchain/risc-v embedded gcc/bin/../lib/gcc/riscv-none-embed/8.2.0/../../../../riscv-none-embed/lib/rv32imafc/ilp32f\libg_nano.a(lib_a-reent.o)
                0x00000000200005e8                errno
                0x00000000200005ec                . = ALIGN (0x4)
                0x00000000200005ec                PROVIDE (_ebss = .)
                [!provide]                        PROVIDE (_end = _ebss)
                0x00000000200005ec                PROVIDE (end = .)

.stack          0x000000002000f440      0x800
                [!provide]                        PROVIDE (_heap_end = .)
                0x000000002000f440                . = ALIGN (0x4)
                [!provide]                        PROVIDE (_susrstack = .)
                0x000000002000fc40                . = (. + __stack_size)
 *fill*         0x000000002000f440      0x800 
                0x000000002000fc40                PROVIDE (_eusrstack = .)
OUTPUT(Seekfree_CH32V307VCT6_Opensource_Library.elf elf32-littleriscv)

.debug_info     0x0000000000000000    0x1e4ab
 .debug_info    0x0000000000000000      0xa28 ./zf_driver/zf_driver_delay.o
 .debug_info    0x0000000000000a28     0x129c ./zf_driver/zf_driver_encoder.o
 .debug_info    0x0000000000001cc4      0xefa ./zf_driver/zf_driver_gpio.o
 .debug_info    0x0000000000002bbe     0x1489 ./zf_driver/zf_driver_pwm.o
 .debug_info    0x0000000000004047     0x156a ./zf_driver/zf_driver_spi.o
 .debug_info    0x00000000000055b1      0xfb7 ./zf_driver/zf_driver_timer.o
 .debug_info    0x0000000000006568     0x1460 ./zf_driver/zf_driver_uart.o
 .debug_info    0x00000000000079c8      0xe37 ./zf_device/zf_device_dm1xa.o
 .debug_info    0x00000000000087ff     0x1846 ./zf_device/zf_device_gnss.o
 .debug_info    0x000000000000a045     0x1951 ./zf_device/zf_device_tft180.o
 .debug_info    0x000000000000b996      0xb5a ./zf_device/zf_device_type.o
 .debug_info    0x000000000000c4f0      0xb2d ./zf_common/zf_common_clock.o
 .debug_info    0x000000000000d01d     0x1497 ./zf_common/zf_common_debug.o
 .debug_info    0x000000000000e4b4      0xdf1 ./zf_common/zf_common_fifo.o
 .debug_info    0x000000000000f2a5      0xa18 ./zf_common/zf_common_font.o
 .debug_info    0x000000000000fcbd     0x11b5 ./zf_common/zf_common_function.o
 .debug_info    0x0000000000010e72      0xf79 ./zf_common/zf_common_interrupt.o
 .debug_info    0x0000000000011deb     0x1b82 ./user_c/isr.o
 .debug_info    0x000000000001396d     0x170b ./user_c/main.o
 .debug_info    0x0000000000015078       0x22 ./sdk/Startup/startup_ch32v30x_D8C.o
 .debug_info    0x000000000001509a      0x353 ./sdk/Peripheral/ch32v30x_exti.o
 .debug_info    0x00000000000153ed      0x712 ./sdk/Peripheral/ch32v30x_gpio.o
 .debug_info    0x0000000000015aff      0xc64 ./sdk/Peripheral/ch32v30x_rcc.o
 .debug_info    0x0000000000016763      0x96e ./sdk/Peripheral/ch32v30x_spi.o
 .debug_info    0x00000000000170d1     0x1dd2 ./sdk/Peripheral/ch32v30x_tim.o
 .debug_info    0x0000000000018ea3      0xa45 ./sdk/Peripheral/ch32v30x_usart.o
 .debug_info    0x00000000000198e8     0x13c6 ./sdk/Peripheral/ch32v30x_usbotg_device.o
 .debug_info    0x000000000001acae     0x1835 ./code/duoji.o
 .debug_info    0x000000000001c4e3     0x1d5a ./code/motor.o
 .debug_info    0x000000000001e23d      0x26e ./code/pid.o

.debug_abbrev   0x0000000000000000     0x44fe
 .debug_abbrev  0x0000000000000000      0x212 ./zf_driver/zf_driver_delay.o
 .debug_abbrev  0x0000000000000212      0x27a ./zf_driver/zf_driver_encoder.o
 .debug_abbrev  0x000000000000048c      0x2ad ./zf_driver/zf_driver_gpio.o
 .debug_abbrev  0x0000000000000739      0x289 ./zf_driver/zf_driver_pwm.o
 .debug_abbrev  0x00000000000009c2      0x32f ./zf_driver/zf_driver_spi.o
 .debug_abbrev  0x0000000000000cf1      0x28e ./zf_driver/zf_driver_timer.o
 .debug_abbrev  0x0000000000000f7f      0x2be ./zf_driver/zf_driver_uart.o
 .debug_abbrev  0x000000000000123d      0x28b ./zf_device/zf_device_dm1xa.o
 .debug_abbrev  0x00000000000014c8      0x353 ./zf_device/zf_device_gnss.o
 .debug_abbrev  0x000000000000181b      0x345 ./zf_device/zf_device_tft180.o
 .debug_abbrev  0x0000000000001b60      0x225 ./zf_device/zf_device_type.o
 .debug_abbrev  0x0000000000001d85      0x251 ./zf_common/zf_common_clock.o
 .debug_abbrev  0x0000000000001fd6      0x394 ./zf_common/zf_common_debug.o
 .debug_abbrev  0x000000000000236a      0x2a5 ./zf_common/zf_common_fifo.o
 .debug_abbrev  0x000000000000260f      0x1dd ./zf_common/zf_common_font.o
 .debug_abbrev  0x00000000000027ec      0x348 ./zf_common/zf_common_function.o
 .debug_abbrev  0x0000000000002b34      0x2c1 ./zf_common/zf_common_interrupt.o
 .debug_abbrev  0x0000000000002df5      0x24e ./user_c/isr.o
 .debug_abbrev  0x0000000000003043      0x234 ./user_c/main.o
 .debug_abbrev  0x0000000000003277       0x12 ./sdk/Startup/startup_ch32v30x_D8C.o
 .debug_abbrev  0x0000000000003289      0x144 ./sdk/Peripheral/ch32v30x_exti.o
 .debug_abbrev  0x00000000000033cd      0x1c7 ./sdk/Peripheral/ch32v30x_gpio.o
 .debug_abbrev  0x0000000000003594      0x1ef ./sdk/Peripheral/ch32v30x_rcc.o
 .debug_abbrev  0x0000000000003783      0x19e ./sdk/Peripheral/ch32v30x_spi.o
 .debug_abbrev  0x0000000000003921      0x1c9 ./sdk/Peripheral/ch32v30x_tim.o
 .debug_abbrev  0x0000000000003aea      0x19e ./sdk/Peripheral/ch32v30x_usart.o
 .debug_abbrev  0x0000000000003c88      0x299 ./sdk/Peripheral/ch32v30x_usbotg_device.o
 .debug_abbrev  0x0000000000003f21      0x263 ./code/duoji.o
 .debug_abbrev  0x0000000000004184      0x2af ./code/motor.o
 .debug_abbrev  0x0000000000004433       0xcb ./code/pid.o

.debug_aranges  0x0000000000000000      0xfe0
 .debug_aranges
                0x0000000000000000       0x28 ./zf_driver/zf_driver_delay.o
 .debug_aranges
                0x0000000000000028       0x38 ./zf_driver/zf_driver_encoder.o
 .debug_aranges
                0x0000000000000060       0x40 ./zf_driver/zf_driver_gpio.o
 .debug_aranges
                0x00000000000000a0       0x30 ./zf_driver/zf_driver_pwm.o
 .debug_aranges
                0x00000000000000d0       0xb0 ./zf_driver/zf_driver_spi.o
 .debug_aranges
                0x0000000000000180       0x50 ./zf_driver/zf_driver_timer.o
 .debug_aranges
                0x00000000000001d0       0x58 ./zf_driver/zf_driver_uart.o
 .debug_aranges
                0x0000000000000228       0x40 ./zf_device/zf_device_dm1xa.o
 .debug_aranges
                0x0000000000000268       0x80 ./zf_device/zf_device_gnss.o
 .debug_aranges
                0x00000000000002e8       0xc0 ./zf_device/zf_device_tft180.o
 .debug_aranges
                0x00000000000003a8       0x38 ./zf_device/zf_device_type.o
 .debug_aranges
                0x00000000000003e0       0x30 ./zf_common/zf_common_clock.o
 .debug_aranges
                0x0000000000000410       0x98 ./zf_common/zf_common_debug.o
 .debug_aranges
                0x00000000000004a8       0x68 ./zf_common/zf_common_fifo.o
 .debug_aranges
                0x0000000000000510       0x18 ./zf_common/zf_common_font.o
 .debug_aranges
                0x0000000000000528       0x90 ./zf_common/zf_common_function.o
 .debug_aranges
                0x00000000000005b8       0x70 ./zf_common/zf_common_interrupt.o
 .debug_aranges
                0x0000000000000628       0xf8 ./user_c/isr.o
 .debug_aranges
                0x0000000000000720       0x20 ./user_c/main.o
 .debug_aranges
                0x0000000000000740       0x30 ./sdk/Startup/startup_ch32v30x_D8C.o
 .debug_aranges
                0x0000000000000770       0x58 ./sdk/Peripheral/ch32v30x_exti.o
 .debug_aranges
                0x00000000000007c8       0xa8 ./sdk/Peripheral/ch32v30x_gpio.o
 .debug_aranges
                0x0000000000000870      0x1a8 ./sdk/Peripheral/ch32v30x_rcc.o
 .debug_aranges
                0x0000000000000a18       0xd0 ./sdk/Peripheral/ch32v30x_spi.o
 .debug_aranges
                0x0000000000000ae8      0x2f0 ./sdk/Peripheral/ch32v30x_tim.o
 .debug_aranges
                0x0000000000000dd8      0x100 ./sdk/Peripheral/ch32v30x_usart.o
 .debug_aranges
                0x0000000000000ed8       0x50 ./sdk/Peripheral/ch32v30x_usbotg_device.o
 .debug_aranges
                0x0000000000000f28       0x30 ./code/duoji.o
 .debug_aranges
                0x0000000000000f58       0x50 ./code/motor.o
 .debug_aranges
                0x0000000000000fa8       0x38 ./code/pid.o

.debug_ranges   0x0000000000000000      0xe00
 .debug_ranges  0x0000000000000000       0x18 ./zf_driver/zf_driver_delay.o
 .debug_ranges  0x0000000000000018       0x28 ./zf_driver/zf_driver_encoder.o
 .debug_ranges  0x0000000000000040       0x30 ./zf_driver/zf_driver_gpio.o
 .debug_ranges  0x0000000000000070       0x20 ./zf_driver/zf_driver_pwm.o
 .debug_ranges  0x0000000000000090       0xa0 ./zf_driver/zf_driver_spi.o
 .debug_ranges  0x0000000000000130       0x40 ./zf_driver/zf_driver_timer.o
 .debug_ranges  0x0000000000000170       0x48 ./zf_driver/zf_driver_uart.o
 .debug_ranges  0x00000000000001b8       0x30 ./zf_device/zf_device_dm1xa.o